 driver_test_slrt

 Timestamp is 5c04eca4 (Mon Dec  3 19:43:16 2018)

 Preferred load address is 10000000

 Start         Length     Name                   Class
 0001:00000000 00061098H .text$mn                CODE
 0002:00000000 00000104H .CRT$XCA                DATA
 0002:00000104 00000104H .CRT$XCZ                DATA
 0002:00000208 00000104H .CRT$XIA                DATA
 0002:0000030c 00000110H .CRT$XIC                DATA
 0002:0000041c 00000104H .CRT$XIZ                DATA
 0002:00000520 00000104H .CRT$XPA                DATA
 0002:00000624 0000010cH .CRT$XPX                DATA
 0002:00000730 00000104H .CRT$XPXA               DATA
 0002:00000834 00000104H .CRT$XPZ                DATA
 0002:00000938 00000104H .CRT$XTA                DATA
 0002:00000a3c 00000104H .CRT$XTZ                DATA
 0002:00000b40 0000c9e4H .rdata                  DATA
 0002:0000d524 0000038cH .rdata$r                DATA
 0002:0000d8b0 00000110H .rdata$sxdata           DATA
 0002:0000d9c0 000001acH .rdata$zzzdbg           DATA
 0002:0000db6c 00000104H .rtc$IAA                DATA
 0002:0000dc70 00000104H .rtc$IZZ                DATA
 0002:0000dd74 00000104H .rtc$TAA                DATA
 0002:0000de78 00000108H .rtc$TZZ                DATA
 0002:0000df80 00000ac0H .xdata$x                DATA
 0002:0000ea40 00000204H .edata                  DATA
 0003:00000000 00000e84H .data                   DATA
 0003:00000e84 000001dcH .data$r                 DATA
 0003:00001060 000138c8H .bss                    DATA
 0004:00000000 000001d4H .idata$5                DATA
 0004:000001d4 00000014H .idata$2                DATA
 0004:000001e8 00000014H .idata$3                DATA
 0004:000001fc 000001d4H .idata$4                DATA
 0004:000003d0 00000843H .idata$6                DATA
 0005:00000000 00000224H .gfids$x                DATA
 0005:00000224 000001a5H .gfids$y                DATA
 0006:00000000 00000104H .00cfg                  DATA

  Address         Publics by Value              Rva+Base       Lib:Object

 0000:00000000       __except_list              00000000     <absolute>
 0000:00000000       ___guard_longjmp_table     00000000     <absolute>
 0000:00000000       ___guard_iat_count         00000000     <absolute>
 0000:00000000       ___guard_iat_table         00000000     <absolute>
 0000:00000000       ___guard_longjmp_count     00000000     <absolute>
 0000:00000000       ___guard_fids_count        00000000     <absolute>
 0000:00000000       ___dynamic_value_reloc_table 00000000     <absolute>
 0000:00000000       ___guard_fids_table        00000000     <absolute>
 0000:00000003       ___safe_se_handler_count   00000003     <absolute>
 0000:00000100       ___guard_flags             00000100     <absolute>
 0000:00000000       ___ImageBase               10000000     <linker-defined>
 0001:00005f40       _MdlInitialize             10006f40 f   driver_test.obj
 0001:00005f50       _MdlInitializeSampleTimes  10006f50 f   driver_test.obj
 0001:00005f60       _MdlInitializeSizes        10006f60 f   driver_test.obj
 0001:00005f70       _MdlOutputs                10006f70 f   driver_test.obj
 0001:00005fb0       _MdlStart                  10006fb0 f   driver_test.obj
 0001:00005fd0       _MdlTerminate              10006fd0 f   driver_test.obj
 0001:00005ff0       _MdlUpdate                 10006ff0 f   driver_test.obj
 0001:00006080       _driver_test               10007080 f   driver_test.obj
 0001:00006850       _rt_mxCreateCharMatrixFromStrings 10007850 f   rt_matrx.obj
 0001:000069b0       _rt_mxCreateDoubleMatrix   100079b0 f   rt_matrx.obj
 0001:00006a10       _rt_mxCreateNumericArray   10007a10 f   rt_matrx.obj
 0001:00006a90       _rt_mxCreateString         10007a90 f   rt_matrx.obj
 0001:00006b20       _rt_mxDuplicateArray       10007b20 f   rt_matrx.obj
 0001:00006b80       _rt_mxGetDimensions        10007b80 f   rt_matrx.obj
 0001:00006bc0       _rt_mxGetEps               10007bc0 f   rt_matrx.obj
 0001:00006bd0       _rt_mxGetString            10007bd0 f   rt_matrx.obj
 0001:00006c50       _rtPrintfNoOp              10007c50 f   rt_printf.obj
 0001:00006c60       ___local_stdio_printf_options 10007c60 f i rt_logging.obj
 0001:00006c70       __vfprintf_l               10007c70 f i rt_logging.obj
 0001:00006ca0       __vsnprintf_l              10007ca0 f i rt_logging.obj
 0001:00006ce0       __vsprintf_l               10007ce0 f i rt_logging.obj
 0001:00006d20       _fprintf                   10007d20 f i rt_logging.obj
 0001:00007630       _printf                    10008630 f i rt_logging.obj
 0001:00007670       _rt_CreateLogVar           10008670 f   rt_logging.obj
 0001:00007700       _rt_CreateLogVarWithConvert 10008700 f   rt_logging.obj
 0001:00008080       _rt_CreateStructLogVar     10009080 f   rt_logging.obj
 0001:00008de0       _rt_GetMxIdFromDTypeId     10009de0 f   rt_logging.obj
 0001:00008e10       _rt_GetMxIdFromDTypeIdForRSim 10009e10 f   rt_logging.obj
 0001:0000b6f0       _rt_StartDataLogging       1000c6f0 f   rt_logging.obj
 0001:0000bbb0       _rt_StartDataLoggingWithStartTime 1000cbb0 f   rt_logging.obj
 0001:0000c510       _rt_StopDataLogging        1000d510 f   rt_logging.obj
 0001:0000c530       _rt_StopDataLoggingImpl    1000d530 f   rt_logging.obj
 0001:0000c860       _rt_UpdateLogVar           1000d860 f   rt_logging.obj
 0001:0000d980       _rt_UpdateStructLogVar     1000e980 f   rt_logging.obj
 0001:0000da10       _rt_UpdateTXXFYLogVars     1000ea10 f   rt_logging.obj
 0001:0000de70       _rt_UpdateTXYLogVars       1000ee70 f   rt_logging.obj
 0001:0000e0c0       _rt_getTempMemory          1000f0c0 f   rt_logging.obj
 0001:0000e110       _sprintf                   1000f110 f i rt_logging.obj
 0001:0000e150       _driver_test_GetCAPIStaticMap 1000f150 f   driver_test_capi.obj
 0001:0000e160       _driver_test_InitializeDataMapInfo 1000f160 f   driver_test_capi.obj
 0001:0000e230       _mdlXcp_GetMdlXcpInfo      1000f230 f   driver_test_xcp.obj
 0001:0000e240       _SLRT_update_TET           1000f240 f   driver_test_xcp_TET.obj
 0001:0000e310       _rtGetInf                  1000f310 f   rtGetInf.obj
 0001:0000e340       _rtGetInfF                 1000f340 f   rtGetInf.obj
 0001:0000e360       _rtGetMinusInf             1000f360 f   rtGetInf.obj
 0001:0000e390       _rtGetMinusInfF            1000f390 f   rtGetInf.obj
 0001:0000e3b0       _rtGetNaN                  1000f3b0 f   rtGetNaN.obj
 0001:0000e3e0       _rtGetNaNF                 1000f3e0 f   rtGetNaN.obj
 0001:0000e400       _rtIsInf                   1000f400 f   rt_nonfinite.obj
 0001:0000e440       _rtIsInfF                  1000f440 f   rt_nonfinite.obj
 0001:0000e480       _rtIsNaN                   1000f480 f   rt_nonfinite.obj
 0001:0000e4a0       _rtIsNaNF                  1000f4a0 f   rt_nonfinite.obj
 0001:0000e4c0       _rt_InitInfAndNaN          1000f4c0 f   rt_nonfinite.obj
 0001:0000e520       _rt_CleanUpForStateLogWithMMI 1000f520 f   rt_logging_mmi.obj
 0001:0000e630       _rt_FillStateSigInfoFromMMI 1000f630 f   rt_logging_mmi.obj
 0001:0000e9d0       _rtwCAPI_CountSysRan       1000f9d0 f   rtw_modelmap_utils.obj
 0001:0000ea70       _rtwCAPI_EncodePath        1000fa70 f   rtw_modelmap_utils.obj
 0001:0000eb70       _rtwCAPI_FillSysRan        1000fb70 f   rtw_modelmap_utils.obj
 0001:0000ec60       _rtwCAPI_FreeFullPaths     1000fc60 f   rtw_modelmap_utils.obj
 0001:0000ecf0       _rtwCAPI_GetFullStateBlockPath 1000fcf0 f   rtw_modelmap_utils.obj
 0001:0000eea0       _rtwCAPI_GetNumContStateRecords 1000fea0 f   rtw_modelmap_utils.obj
 0001:0000ef60       _rtwCAPI_GetNumSigLogRecords 1000ff60 f   rtw_modelmap_utils.obj
 0001:0000efb0       _rtwCAPI_GetNumSigLogRecordsForRTWLogging 1000ffb0 f   rtw_modelmap_utils.obj
 0001:0000f050       _rtwCAPI_GetNumStateRecords 10010050 f   rtw_modelmap_utils.obj
 0001:0000f0a0       _rtwCAPI_GetNumStateRecordsForRTWLogging 100100a0 f   rtw_modelmap_utils.obj
 0001:0000f140       _rtwCAPI_GetSigAddrFromMap 10010140 f   rtw_modelmap_utils.obj
 0001:0000f200       _rtwCAPI_GetSigLogRecordInfo 10010200 f   rtw_modelmap_utils.obj
 0001:0000f630       _rtwCAPI_GetStateRecordInfo 10010630 f   rtw_modelmap_utils.obj
 0001:0000fae0       _rtwCAPI_GetStateWidth     10010ae0 f   rtw_modelmap_utils.obj
 0001:0000fb40       _rtwCAPI_HasStates         10010b40 f   rtw_modelmap_utils.obj
 0001:0000fbb0       _rtwCAPI_UpdateFullPaths   10010bb0 f   rtw_modelmap_utils.obj
 0001:0000fd90       _timestamp_x86             10010d90 f   host_timer_x86.obj
 0001:0000fda0       _taskTimeEnd               10010da0 f   xpc_code_profiling_utility_functions.obj
 0001:0000fdb0       _taskTimeEnd_              10010db0 f   xpc_code_profiling_utility_functions.obj
 0001:0000fdc0       _taskTimeStart             10010dc0 f   xpc_code_profiling_utility_functions.obj
 0001:0000fdd0       _taskTimeStart_            10010dd0 f   xpc_code_profiling_utility_functions.obj
 0001:0000fde0       _xilProfilingTimerFreeze   10010de0 f   xpc_code_profiling_utility_functions.obj
 0001:0000fdf0       _xilProfilingTimerUnFreeze 10010df0 f   xpc_code_profiling_utility_functions.obj
 0001:0000fe00       _xilUploadProfilingData    10010e00 f   xpc_code_profiling_utility_functions.obj
 0001:0000fe10       _DllMain@12                10010e10 f   xpctarget.obj
 0001:0000fe20       _SLRTSetErrorStatus        10010e20 f   xpctarget.obj
 0001:0000fe40       _changeStepSize            10010e40 f   xpctarget.obj
 0001:0000fe90       _driver_test_ChangeStepSize 10010e90 f   xpctarget.obj
 0001:0000fee0       _getDLMVersion             10010ee0 f   xpctarget.obj
 0001:0000fef0       _getRefMdlPath             10010ef0 f   xpctarget.obj
 0001:0000ff70       _getRefMdlSignalNumber     10010f70 f   xpctarget.obj
 0001:00010020       _getrlmdlinfo              10011020 f   xpctarget.obj
 0001:00010180       _updateDiscreteEvents      10011180 f   xpctarget.obj
 0001:00010190       _getNumRef                 10011190 f   appmappingData.obj
 0001:000101a0       _vprintf                   100111a0 f i legacy_stdio.obj
 0001:000101e0       _advantechpci1723          100111e0 f   advantechpci1723.obj
 0001:000109b0       _GetPCIDeviceFull          100119b0 f   xpcruntime:xpcimports.obj
 0001:00010a00       _GetPCIDeviceFunction      10011a00 f   xpcruntime:xpcimports.obj
 0001:00010a40       _ShowPCIDevice             10011a40 f   xpcruntime:xpcimports.obj
 0001:00011070       _slrtGetPciConfigAtFunction 10012070 f   xpcruntime:xpcimports.obj
 0001:000113e0       _xpcGetPciConfigAtSlot     100123e0 f   xpcruntime:xpcimports.obj
 0001:00011400       _xpcInitProcs              10012400 f   xpcruntime:xpcimports.obj
 0001:00012930       _xpceuploadevent           10013930 f   xpcruntime:xpcimports.obj
 0001:00012940       __ftoui3                   10013940 f   LIBCMT:_ftol3_.obj
 0001:0001294f       __ftoul3                   1001394f f   LIBCMT:_ftol3_.obj
 0001:0001295e       __ftol3                    1001395e f   LIBCMT:_ftol3_.obj
 0001:0001296b       __ftol3_NaN                1001396b f   LIBCMT:_ftol3_.obj
 0001:00012983       __ftol3_work               10013983 f   LIBCMT:_ftol3_.obj
 0001:00012a09       __ftol3_common             10013a09 f   LIBCMT:_ftol3_.obj
 0001:00012acb       __ftol3_arg_error          10013acb f   LIBCMT:_ftol3_.obj
 0001:00012add       __ftol3_except             10013add f   LIBCMT:_ftol3_.obj
 0001:00012b21       __dtoui3                   10013b21 f   LIBCMT:_ftol3_.obj
 0001:00012b30       __dtoul3                   10013b30 f   LIBCMT:_ftol3_.obj
 0001:00012b3f       __dtol3                    10013b3f f   LIBCMT:_ftol3_.obj
 0001:00012b4c       __dtol3_NaN                10013b4c f   LIBCMT:_ftol3_.obj
 0001:00012b69       __dtol3_work               10013b69 f   LIBCMT:_ftol3_.obj
 0001:00012c50       __ultod3                   10013c50 f   LIBCMT:_ftol3_.obj
 0001:00012c90       __ltod3                    10013c90 f   LIBCMT:_ftol3_.obj
 0001:00012d94       ___raise_securityfailure   10013d94 f   LIBCMT:gs_report.obj
 0001:00012dc6       ___report_gsfailure        10013dc6 f   LIBCMT:gs_report.obj
 0001:00012eff       ___report_rangecheckfailure 10013eff f   LIBCMT:gs_report.obj
 0001:00012f0e       ___report_securityfailure  10013f0e f   LIBCMT:gs_report.obj
 0001:00013012       ___report_securityfailureEx 10014012 f   LIBCMT:gs_report.obj
 0001:0001316d       @__security_check_cookie@4 1001416d f   LIBCMT:_secchk_.obj
 0001:00013182       ___isa_available_init      10014182 f   LIBCMT:_cpu_disp_.obj
 0001:0001374a       __CRT_INIT@12              1001474a f   LIBCMT:dll_dllmain.obj
 0001:00013755       __DllMainCRTStartup@12     10014755 f   LIBCMT:dll_dllmain.obj
 0001:00013780       ??$__crt_fast_decode_pointer@PAP6AXXZ@@YAPAP6AXXZQAP6AXXZ@Z 10014780 f i LIBCMT:utility.obj
 0001:00013799       ??$__crt_fast_encode_pointer@PAP6AXXZ@@YAPAP6AXXZQAP6AXXZ@Z 10014799 f i LIBCMT:utility.obj
 0001:000137bd       ?__crt_rotate_pointer_value@@YAIIH@Z 100147bd f i LIBCMT:utility.obj
 0001:000137cd       ?configure_argv@__scrt_narrow_argv_policy@@SAHXZ 100147cd f i LIBCMT:utility.obj
 0001:00013871       _NtCurrentTeb              10014871 f i LIBCMT:utility.obj
 0001:00013878       ___scrt_acquire_startup_lock 10014878 f   LIBCMT:utility.obj
 0001:000138ba       ___scrt_dllmain_after_initialize_c 100148ba f   LIBCMT:utility.obj
 0001:000138ef       ___scrt_dllmain_before_initialize_c 100148ef f   LIBCMT:utility.obj
 0001:00013900       ___scrt_dllmain_crt_thread_attach 10014900 f   LIBCMT:utility.obj
 0001:00013926       ___scrt_dllmain_crt_thread_detach 10014926 f   LIBCMT:utility.obj
 0001:00013936       ___scrt_dllmain_exception_filter 10014936 f   LIBCMT:utility.obj
 0001:00013975       ___scrt_dllmain_uninitialize_c 10014975 f   LIBCMT:utility.obj
 0001:000139a0       ___scrt_dllmain_uninitialize_critical 100149a0 f   LIBCMT:utility.obj
 0001:000139b0       ___scrt_initialize_crt     100149b0 f   LIBCMT:utility.obj
 0001:000139f7       ___scrt_initialize_onexit_tables 100149f7 f   LIBCMT:utility.obj
 0001:00013ab3       ___scrt_is_nonwritable_in_current_image 10014ab3 f   LIBCMT:utility.obj
 0001:00013b5f       ___scrt_release_startup_lock 10014b5f f   LIBCMT:utility.obj
 0001:00013b83       ___scrt_uninitialize_crt   10014b83 f   LIBCMT:utility.obj
 0001:00013bb5       __onexit                   10014bb5 f   LIBCMT:utility.obj
 0001:00013bfe       _at_quick_exit             10014bfe f   LIBCMT:utility.obj
 0001:00013c3b       _atexit                    10014c3b f   LIBCMT:utility.obj
 0001:00013c55       ___security_init_cookie    10014c55 f   LIBCMT:gs_support.obj
 0001:00013d18       ?__scrt_initialize_type_info@@YAXXZ 10014d18 f   LIBCMT:tncleanup.obj
 0001:00013d27       ?__scrt_uninitialize_type_info@@YAXXZ 10014d27 f   LIBCMT:tncleanup.obj
 0001:00013d36       ___local_stdio_scanf_options 10014d36 f i LIBCMT:default_local_stdio_options.obj
 0001:00013d3c       ___scrt_initialize_default_local_stdio_options 10014d3c f   LIBCMT:default_local_stdio_options.obj
 0001:00013d60       ___scrt_get_dyn_tls_init_callback 10014d60 f   LIBCMT:dyn_tls_init.obj
 0001:00013d66       ___scrt_fastfail           10014d66 f   LIBCMT:utility_desktop.obj
 0001:00013ec7       ___scrt_get_show_window_mode 10014ec7 f   LIBCMT:utility_desktop.obj
 0001:00013f06       ___scrt_initialize_winrt   10014f06 f   LIBCMT:utility_desktop.obj
 0001:00013f09       ___scrt_is_managed_app     10014f09 f   LIBCMT:utility_desktop.obj
 0001:00013f5e       ___scrt_set_unhandled_exception_filter 10014f5e f   LIBCMT:utility_desktop.obj
 0001:00013f6d       ___scrt_unhandled_exception_filter@4 10014f6d f   LIBCMT:utility_desktop.obj
 0001:00013fbe       __crt_debugger_hook        10014fbe f   LIBCMT:utility_desktop.obj
 0001:00013fc8       __RTC_Initialize           10014fc8 f   LIBCMT:_initsect_.obj
 0001:00013ffd       __RTC_Terminate            10014ffd f   LIBCMT:_initsect_.obj
 0001:00014032       @_guard_check_icall@4      10015032 f i LIBCMT:checkcfg.obj
 0001:00014040       __SEH_prolog4              10015040 f   LIBCMT:_sehprolg4_.obj
 0001:00014086       __SEH_epilog4              10015086 f   LIBCMT:_sehprolg4_.obj
 0001:000140b1       __get_startup_argv_mode    100150b1 f   LIBCMT:argv_mode.obj
 0001:000140b5       ___scrt_is_ucrt_dll_in_use 100150b5 f   LIBCMT:ucrt_detection.obj
 0001:000140c4       @_guard_check_icall_nop@4  100150c4 f i LIBCMT:guard_support.obj
 0001:000140c5       __guard_icall_checks_enforced 100150c5 f i LIBCMT:guard_support.obj
 0001:000140dc       _GetModuleHandleA@4        100150dc f   kernel32:KERNEL32.dll
 0001:000140e2       _GetProcAddress@8          100150e2 f   kernel32:KERNEL32.dll
 0001:000140e8       _UnhandledExceptionFilter@4 100150e8 f   kernel32:KERNEL32.dll
 0001:000140ee       _SetUnhandledExceptionFilter@4 100150ee f   kernel32:KERNEL32.dll
 0001:000140f4       _GetCurrentProcess@0       100150f4 f   kernel32:KERNEL32.dll
 0001:000140fa       _TerminateProcess@8        100150fa f   kernel32:KERNEL32.dll
 0001:00014100       _IsProcessorFeaturePresent@4 10015100 f   kernel32:KERNEL32.dll
 0001:00014106       _QueryPerformanceCounter@4 10015106 f   kernel32:KERNEL32.dll
 0001:0001410c       _GetCurrentProcessId@0     1001510c f   kernel32:KERNEL32.dll
 0001:00014112       _GetCurrentThreadId@0      10015112 f   kernel32:KERNEL32.dll
 0001:00014118       _GetSystemTimeAsFileTime@4 10015118 f   kernel32:KERNEL32.dll
 0001:0001411e       _InitializeSListHead@4     1001511e f   kernel32:KERNEL32.dll
 0001:00014124       _IsDebuggerPresent@0       10015124 f   kernel32:KERNEL32.dll
 0001:0001412a       _GetStartupInfoW@4         1001512a f   kernel32:KERNEL32.dll
 0001:00014130       _GetModuleHandleW@4        10015130 f   kernel32:KERNEL32.dll
 0001:00014140       _memset                    10015140 f   libvcruntime:memset.obj
 0001:000142f0       _memcpy                    100152f0 f   libvcruntime:memcpy.obj
 0001:000149d0       _memmove                   100159d0 f   libvcruntime:memmove.obj
 0001:000150b0       _strchr                    100160b0 f   libvcruntime:strchr.obj
 0001:0001511e       ___from_strstr_to_strchr   1001611e     libvcruntime:strchr.obj
 0001:00015270       __except_handler4          10016270 f   libvcruntime:_chandler4_.obj
 0001:0001542f       ___vcrt_initialize         1001642f f   libvcruntime:initialization.obj
 0001:00015462       ___vcrt_thread_attach      10016462 f   libvcruntime:initialization.obj
 0001:0001546f       ___vcrt_thread_detach      1001646f f   libvcruntime:initialization.obj
 0001:0001547c       ___vcrt_uninitialize       1001647c f   libvcruntime:initialization.obj
 0001:000154a2       ___vcrt_uninitialize_critical 100164a2 f   libvcruntime:initialization.obj
 0001:000154bd       ??$?RD@__crt_internal_free_policy@@QBEXQBD@Z 100164bd f i libvcruntime:std_type_info.obj
 0001:000154d1       ??$?RX@__crt_internal_free_policy@@QBEXQBX@Z 100164d1 f i libvcruntime:std_type_info.obj
 0001:000154e5       ??$__crt_interlocked_compare_exchange_pointer@$$CBD$$T$$T@@YAPBDPDSBD$$T1@Z 100164e5 f i libvcruntime:std_type_info.obj
 0001:000154fb       ??$__crt_interlocked_compare_exchange_pointer@$$CBDPAD$$T@@YAPBDPDSBDQAD$$T@Z 100164fb f i libvcruntime:std_type_info.obj
 0001:00015511       ??$__crt_interlocked_read_pointer@$$CBD@@YAPBDPDSBD@Z 10016511 f i libvcruntime:std_type_info.obj
 0001:00015525       ??0?$__crt_unique_heap_ptr@DU__crt_internal_free_policy@@@@QAE@QAD@Z 10016525 f i libvcruntime:std_type_info.obj
 0001:00015536       ??0?$__crt_unique_heap_ptr@XU__crt_internal_free_policy@@@@QAE@QAX@Z 10016536 f i libvcruntime:std_type_info.obj
 0001:00015547       ??1?$__crt_unique_heap_ptr@DU__crt_internal_free_policy@@@@QAE@XZ 10016547 f i libvcruntime:std_type_info.obj
 0001:0001555b       ??1?$__crt_unique_heap_ptr@XU__crt_internal_free_policy@@@@QAE@XZ 1001655b f i libvcruntime:std_type_info.obj
 0001:0001557b       ??B?$__crt_unique_heap_ptr@DU__crt_internal_free_policy@@@@QBE_NXZ 1001657b f i libvcruntime:std_type_info.obj
 0001:00015582       ??B?$__crt_unique_heap_ptr@XU__crt_internal_free_policy@@@@QBE_NXZ 10016582 f i libvcruntime:std_type_info.obj
 0001:000155b1       ?detach@?$__crt_unique_heap_ptr@XU__crt_internal_free_policy@@@@QAEPAXXZ 100165b1 f i libvcruntime:std_type_info.obj
 0001:000155b7       ?get@?$__crt_unique_heap_ptr@DU__crt_internal_free_policy@@@@QBEPADXZ 100165b7 f i libvcruntime:std_type_info.obj
 0001:000155ba       ?get@?$__crt_unique_heap_ptr@XU__crt_internal_free_policy@@@@QBEPAXXZ 100165ba f i libvcruntime:std_type_info.obj
 0001:000155bd       ?is_valid@?$__crt_unique_heap_ptr@DU__crt_internal_free_policy@@@@QBE_NXZ 100165bd f i libvcruntime:std_type_info.obj
 0001:000155c4       ?is_valid@?$__crt_unique_heap_ptr@XU__crt_internal_free_policy@@@@QBE_NXZ 100165c4 f i libvcruntime:std_type_info.obj
 0001:000155cb       ?release@?$__crt_unique_heap_ptr@DU__crt_internal_free_policy@@@@QAEXXZ 100165cb f i libvcruntime:std_type_info.obj
 0001:000155df       ?release@?$__crt_unique_heap_ptr@XU__crt_internal_free_policy@@@@QAEXXZ 100165df f i libvcruntime:std_type_info.obj
 0001:000155f3       ___std_type_info_compare   100165f3 f   libvcruntime:std_type_info.obj
 0001:0001563e       ___std_type_info_destroy_list 1001663e f   libvcruntime:std_type_info.obj
 0001:00015669       ___std_type_info_hash      10016669 f   libvcruntime:std_type_info.obj
 0001:00015698       ___std_type_info_name      10016698 f   libvcruntime:std_type_info.obj
 0001:000157a0       __local_unwind4            100167a0 f   libvcruntime:_exsup4_.obj
 0001:00015876       __seh_longjmp_unwind4@4    10016876 f   libvcruntime:_exsup4_.obj
 0001:0001589e       @_EH4_CallFilterFunc@8     1001689e f   libvcruntime:_exsup4_.obj
 0001:000158b5       @_EH4_TransferToHandler@8  100168b5 f   libvcruntime:_exsup4_.obj
 0001:000158ce       @_EH4_GlobalUnwind2@8      100168ce f   libvcruntime:_exsup4_.obj
 0001:000158e7       @_EH4_LocalUnwind@16       100168e7 f   libvcruntime:_exsup4_.obj
 0001:00015955       ___except_validate_context_record 10016955 f   libvcruntime:jbcxrval.obj
 0001:00015956       ___except_validate_jump_buffer 10016956 f   libvcruntime:jbcxrval.obj
 0001:00015957       ??$?RU__vcrt_ptd@@@__crt_internal_free_policy@@QBEXQBU__vcrt_ptd@@@Z 10016957 f i libvcruntime:per_thread_data.obj
 0001:0001596b       ??0?$__crt_unique_heap_ptr@U__vcrt_ptd@@U__crt_internal_free_policy@@@@QAE@QAU__vcrt_ptd@@@Z 1001696b f i libvcruntime:per_thread_data.obj
 0001:0001598e       ??1?$__crt_unique_heap_ptr@U__vcrt_ptd@@U__crt_internal_free_policy@@@@QAE@XZ 1001698e f i libvcruntime:per_thread_data.obj
 0001:000159ad       ??B?$__crt_unique_heap_ptr@U__vcrt_ptd@@U__crt_internal_free_policy@@@@QBE_NXZ 100169ad f i libvcruntime:per_thread_data.obj
 0001:000159b4       ?detach@?$__crt_unique_heap_ptr@U__vcrt_ptd@@U__crt_internal_free_policy@@@@QAEPAU__vcrt_ptd@@XZ 100169b4 f i libvcruntime:per_thread_data.obj
 0001:000159ba       ?get@?$__crt_unique_heap_ptr@U__vcrt_ptd@@U__crt_internal_free_policy@@@@QBEPAU__vcrt_ptd@@XZ 100169ba f i libvcruntime:per_thread_data.obj
 0001:000159bd       ?is_valid@?$__crt_unique_heap_ptr@U__vcrt_ptd@@U__crt_internal_free_policy@@@@QBE_NXZ 100169bd f i libvcruntime:per_thread_data.obj
 0001:000159c4       ?release@?$__crt_unique_heap_ptr@U__vcrt_ptd@@U__crt_internal_free_policy@@@@QAEXXZ 100169c4 f i libvcruntime:per_thread_data.obj
 0001:000159f8       ___vcrt_freefls@4          100169f8 f   libvcruntime:per_thread_data.obj
 0001:00015a1b       ___vcrt_freeptd            10016a1b f   libvcruntime:per_thread_data.obj
 0001:00015a5e       ___vcrt_getptd             10016a5e f   libvcruntime:per_thread_data.obj
 0001:00015a6f       ___vcrt_getptd_noexit      10016a6f f   libvcruntime:per_thread_data.obj
 0001:00015b25       ___vcrt_initialize_ptd     10016b25 f   libvcruntime:per_thread_data.obj
 0001:00015b64       ___vcrt_uninitialize_ptd   10016b64 f   libvcruntime:per_thread_data.obj
 0001:00015b85       ___vcrt_initialize_locks   10016b85 f   libvcruntime:locks.obj
 0001:00015bd0       ___vcrt_lock               10016bd0 f   libvcruntime:locks.obj
 0001:00015bea       ___vcrt_uninitialize_locks 10016bea f   libvcruntime:locks.obj
 0001:00015c24       ___vcrt_unlock             10016c24 f   libvcruntime:locks.obj
 0001:00015c3e       ??$?BX@__crt_fast_encoded_nullptr_t@@QBEPAXXZ 10016c3e f i libvcruntime:winapi_downlevel.obj
 0001:00015c5c       ??$__crt_fast_decode_pointer@PAX@@YAPAXQAX@Z 10016c5c f i libvcruntime:winapi_downlevel.obj
 0001:00015c75       ??$__crt_fast_encode_pointer@PAX@@YAPAXQAX@Z 10016c75 f i libvcruntime:winapi_downlevel.obj
 0001:00015c99       ??$__crt_interlocked_compare_exchange_pointer@UHINSTANCE__@@$$T$$T@@YAPAUHINSTANCE__@@PDSAU0@$$T1@Z 10016c99 f i libvcruntime:winapi_downlevel.obj
 0001:00015caf       ??$__crt_interlocked_compare_exchange_pointer@X$$T$$T@@YAPAXPDSAX$$T1@Z 10016caf f i libvcruntime:winapi_downlevel.obj
 0001:00015cc5       ??$__crt_interlocked_exchange_pointer@UHINSTANCE__@@PAU1@@@YAPAUHINSTANCE__@@PDSAU0@QAU0@@Z 10016cc5 f i libvcruntime:winapi_downlevel.obj
 0001:00015cd5       ??$__crt_interlocked_exchange_pointer@UHINSTANCE__@@PAX@@YAPAUHINSTANCE__@@PDSAU0@QAX@Z 10016cd5 f i libvcruntime:winapi_downlevel.obj
 0001:00015ce5       ??$__crt_interlocked_exchange_pointer@XPAX@@YAPAXPDSAXQAX@Z 10016ce5 f i libvcruntime:winapi_downlevel.obj
 0001:00015cf5       ??$__crt_interlocked_read_pointer@UHINSTANCE__@@@@YAPAUHINSTANCE__@@PDSAU0@@Z 10016cf5 f i libvcruntime:winapi_downlevel.obj
 0001:00015d09       ??$__crt_interlocked_read_pointer@X@@YAPAXPDSAX@Z 10016d09 f i libvcruntime:winapi_downlevel.obj
 0001:00015d1d       ?__crt_fast_encode_pointer@@YA?AU__crt_fast_encoded_nullptr_t@@$$T@Z 10016d1d f i libvcruntime:winapi_downlevel.obj
 0001:00016061       ___vcrt_EventRegister      10017061 f   libvcruntime:winapi_downlevel.obj
 0001:000160b1       ___vcrt_EventSetInformation 100170b1 f   libvcruntime:winapi_downlevel.obj
 0001:00016104       ___vcrt_EventUnregister    10017104 f   libvcruntime:winapi_downlevel.obj
 0001:0001614c       ___vcrt_EventWriteTransfer 1001714c f   libvcruntime:winapi_downlevel.obj
 0001:000161a7       ___vcrt_FlsAlloc           100171a7 f   libvcruntime:winapi_downlevel.obj
 0001:000161ef       ___vcrt_FlsFree            100171ef f   libvcruntime:winapi_downlevel.obj
 0001:00016237       ___vcrt_FlsGetValue        10017237 f   libvcruntime:winapi_downlevel.obj
 0001:0001627f       ___vcrt_FlsSetValue        1001727f f   libvcruntime:winapi_downlevel.obj
 0001:000162cb       ___vcrt_InitializeCriticalSectionEx 100172cb f   libvcruntime:winapi_downlevel.obj
 0001:00016322       ___vcrt_initialize_winapi_thunks 10017322 f   libvcruntime:winapi_downlevel.obj
 0001:0001636a       ___vcrt_uninitialize_winapi_thunks 1001736a f   libvcruntime:winapi_downlevel.obj
 0001:000163a8       ??$?B$$A6AXXZ@__crt_fast_encoded_nullptr_t@@QBEP6AXXZXZ 100173a8 f i libvcruntime:purevirt_data.obj
 0001:000163c6       ??$__crt_fast_encode_pointer@P6AXXZ@@YAP6AXXZQ6AXXZ@Z 100173c6 f i libvcruntime:purevirt_data.obj
 0001:000163ea       ___vcrt_initialize_pure_virtual_call_handler 100173ea f   libvcruntime:purevirt_data.obj
 0001:0001640e       ??$__vcrt_va_start_verify_argument_type@QBD@@YAXXZ 1001740e f i libvcruntime:undname.obj
 0001:0001640f       ??0Block@_HeapManager@@QAE@XZ 1001740f f i libvcruntime:undname.obj
 0001:00016415       ??0DName@@QAE@AAPBDD@Z     10017415 f   libvcruntime:undname.obj
 0001:000164fc       ??0DName@@QAE@ABV0@@Z      100174fc f i libvcruntime:undname.obj
 0001:00016517       ??0DName@@QAE@D@Z          10017517 f   libvcruntime:undname.obj
 0001:0001654e       ??0DName@@QAE@PAV0@@Z      1001754e f   libvcruntime:undname.obj
 0001:000165ae       ??0DName@@QAE@PBD@Z        100175ae f   libvcruntime:undname.obj
 0001:000165f6       ??0DName@@QAE@W4DNameStatus@@@Z 100175f6 f   libvcruntime:undname.obj
 0001:00016649       ??0DName@@QAE@XZ           10017649 f i libvcruntime:undname.obj
 0001:0001665e       ??0DName@@QAE@_J@Z         1001765e f   libvcruntime:undname.obj
 0001:00016718       ??0DName@@QAE@_K@Z         10017718 f   libvcruntime:undname.obj
 0001:000167a2       ??0DNameNode@@IAE@XZ       100177a2 f   libvcruntime:undname.obj
 0001:000167ad       ??0DNameStatusNode@@AAE@W4DNameStatus@@@Z 100177ad f   libvcruntime:undname.obj
 0001:000167d8       ??0Replicator@@QAE@XZ      100177d8 f i libvcruntime:undname.obj
 0001:000167de       ??0UnDecorator@@QAE@PADPBDHP6APADJ@ZK@Z 100177de f i libvcruntime:undname.obj
 0001:00016861       ??0charNode@@QAE@D@Z       10017861 f   libvcruntime:undname.obj
 0001:0001687b       ??0pDNameNode@@QAE@PAVDName@@@Z 1001787b f   libvcruntime:undname.obj
 0001:000168ad       ??0pairNode@@QAE@PAVDNameNode@@0@Z 100178ad f   libvcruntime:undname.obj
 0001:000168d3       ??0pcharNode@@QAE@PBDH@Z   100178d3 f   libvcruntime:undname.obj
 0001:00016942       ??2@YAPAXIAAV_HeapManager@@H@Z 10017942 f i libvcruntime:undname.obj
 0001:0001695c       ??4DName@@QAEAAV0@ABV0@@Z  1001795c f   libvcruntime:undname.obj
 0001:00016977       ??4DName@@QAEAAV0@D@Z      10017977 f i libvcruntime:undname.obj
 0001:000169ae       ??4DName@@QAEAAV0@PAV0@@Z  100179ae f   libvcruntime:undname.obj
 0001:00016a09       ??4DName@@QAEAAV0@PBD@Z    10017a09 f   libvcruntime:undname.obj
 0001:00016a47       ??4DName@@QAEAAV0@W4DNameStatus@@@Z 10017a47 f   libvcruntime:undname.obj
 0001:00016a89       ??AReplicator@@QBE?AVDName@@H@Z 10017a89 f   libvcruntime:undname.obj
 0001:00016ad4       ??BUnDecorator@@QAEPADXZ   10017ad4 f i libvcruntime:undname.obj
 0001:00016cab       ??H@YA?AVDName@@DABV0@@Z   10017cab f i libvcruntime:undname.obj
 0001:00016cd8       ??H@YA?AVDName@@PBDABV0@@Z 10017cd8 f i libvcruntime:undname.obj
 0001:00016d05       ??H@YA?AVDName@@W4DNameStatus@@ABV0@@Z 10017d05 f i libvcruntime:undname.obj
 0001:00016d32       ??HDName@@QBE?AV0@ABV0@@Z  10017d32 f   libvcruntime:undname.obj
 0001:00016d5c       ??HDName@@QBE?AV0@D@Z      10017d5c f   libvcruntime:undname.obj
 0001:00016d86       ??HDName@@QBE?AV0@PAV0@@Z  10017d86 f   libvcruntime:undname.obj
 0001:00016db0       ??HDName@@QBE?AV0@PBD@Z    10017db0 f   libvcruntime:undname.obj
 0001:00016dda       ??HDName@@QBE?AV0@W4DNameStatus@@@Z 10017dda f   libvcruntime:undname.obj
 0001:00016e04       ??YDName@@QAEAAV0@ABV0@@Z  10017e04 f   libvcruntime:undname.obj
 0001:00016e57       ??YDName@@QAEAAV0@D@Z      10017e57 f   libvcruntime:undname.obj
 0001:00016ebb       ??YDName@@QAEAAV0@PAV0@@Z  10017ebb f   libvcruntime:undname.obj
 0001:00016f39       ??YDName@@QAEAAV0@PBD@Z    10017f39 f   libvcruntime:undname.obj
 0001:00016fb2       ??YDName@@QAEAAV0@W4DNameStatus@@@Z 10017fb2 f   libvcruntime:undname.obj
 0001:00017002       ??YReplicator@@QAEAAV0@ABVDName@@@Z 10018002 f   libvcruntime:undname.obj
 0001:0001705e       ??_5DName@@QAEAAV0@ABV0@@Z 1001805e f   libvcruntime:undname.obj
 0001:00017081       ?Constructor@_HeapManager@@QAEXP6APAXI@ZP6AXPAX@Z@Z 10018081 f i libvcruntime:undname.obj
 0001:000170a5       ?Destructor@_HeapManager@@QAEXXZ 100180a5 f i libvcruntime:undname.obj
 0001:000170ec       ?UScore@UnDecorator@@SAPBDW4Tokens@@@Z 100180ec f   libvcruntime:undname.obj
 0001:00017110       ?append@DName@@AAEXPAVDNameNode@@@Z 10018110 f   libvcruntime:undname.obj
 0001:00017167       ?composeDeclaration@UnDecorator@@CA?AVDName@@ABV2@@Z 10018167 f i libvcruntime:undname.obj
 0001:000181a2       ?doAccessSpecifiers@UnDecorator@@SAHXZ 100191a2 f i libvcruntime:undname.obj
 0001:000181b3       ?doAllocationLanguage@UnDecorator@@SAHXZ 100191b3 f i libvcruntime:undname.obj
 0001:000181c4       ?doAllocationModel@UnDecorator@@SAHXZ 100191c4 f i libvcruntime:undname.obj
 0001:000181d5       ?doEcsu@UnDecorator@@SAHXZ 100191d5 f i libvcruntime:undname.obj
 0001:000181e6       ?doEllipsis@UnDecorator@@SAHXZ 100191e6 f i libvcruntime:undname.obj
 0001:000181f7       ?doFunctionReturns@UnDecorator@@SAHXZ 100191f7 f i libvcruntime:undname.obj
 0001:00018208       ?doMSKeywords@UnDecorator@@SAHXZ 10019208 f i libvcruntime:undname.obj
 0001:00018218       ?doMemberTypes@UnDecorator@@SAHXZ 10019218 f i libvcruntime:undname.obj
 0001:00018229       ?doNameOnly@UnDecorator@@SAHXZ 10019229 f i libvcruntime:undname.obj
 0001:00018236       ?doNoIdentCharCheck@UnDecorator@@SAHXZ 10019236 f i libvcruntime:undname.obj
 0001:00018243       ?doPchar@DName@@AAEXPBDH@Z 10019243 f   libvcruntime:undname.obj
 0001:000182ef       ?doPtr64@UnDecorator@@SAHXZ 100192ef f i libvcruntime:undname.obj
 0001:00018300       ?doRestrictionSpec@UnDecorator@@SAHXZ 10019300 f i libvcruntime:undname.obj
 0001:00018311       ?doThisTypes@UnDecorator@@SAHXZ 10019311 f i libvcruntime:undname.obj
 0001:00018327       ?doThrowTypes@UnDecorator@@SAHXZ 10019327 f i libvcruntime:undname.obj
 0001:00018338       ?doTypeOnly@UnDecorator@@SAHXZ 10019338 f i libvcruntime:undname.obj
 0001:00018345       ?doUnderScore@UnDecorator@@SAHXZ 10019345 f i libvcruntime:undname.obj
 0001:00018352       ?getArgumentList@UnDecorator@@CA?AVDName@@XZ 10019352 f   libvcruntime:undname.obj
 0001:000184a1       ?getArgumentTypes@UnDecorator@@CA?AVDName@@XZ 100194a1 f   libvcruntime:undname.obj
 0001:000185b9       ?getArrayType@UnDecorator@@CA?AVDName@@ABV2@@Z 100195b9 f i libvcruntime:undname.obj
 0001:0001883b       ?getBasedType@UnDecorator@@CA?AVDName@@XZ 1001983b f   libvcruntime:undname.obj
 0001:000188fa       ?getBasicDataType@UnDecorator@@CA?AVDName@@ABV2@@Z 100198fa f   libvcruntime:undname.obj
 0001:00018de4       ?getCallIndex@UnDecorator@@CA?AVDName@@XZ 10019de4 f i libvcruntime:undname.obj
 0001:00018dfd       ?getCallingConvention@UnDecorator@@CA?AVDName@@XZ 10019dfd f   libvcruntime:undname.obj
 0001:00018eeb       ?getDataIndirectType@UnDecorator@@CA?AVDName@@ABV2@PBD0H@Z 10019eeb f   libvcruntime:undname.obj
 0001:00019696       ?getDataIndirectType@UnDecorator@@CA?AVDName@@XZ 1001a696 f i libvcruntime:undname.obj
 0001:000196dd       ?getDataType@UnDecorator@@CA?AVDName@@PAV2@@Z 1001a6dd f   libvcruntime:undname.obj
 0001:000197e3       ?getDecoratedName@UnDecorator@@CA?AVDName@@XZ 1001a7e3 f   libvcruntime:undname.obj
 0001:00019ac2       ?getDimension@UnDecorator@@CA?AVDName@@_N@Z 1001aac2 f   libvcruntime:undname.obj
 0001:00019c46       ?getDispatchTarget@UnDecorator@@CA?AVDName@@XZ 1001ac46 f   libvcruntime:undname.obj
 0001:00019cb7       ?getDisplacement@UnDecorator@@CA?AVDName@@XZ 1001acb7 f i libvcruntime:undname.obj
 0001:00019cd0       ?getECSUDataType@UnDecorator@@CA?AVDName@@XZ 1001acd0 f   libvcruntime:undname.obj
 0001:00019e34       ?getECSUName@UnDecorator@@CA?AVDName@@XZ 1001ae34 f i libvcruntime:undname.obj
 0001:00019e49       ?getEnumType@UnDecorator@@CA?AVDName@@XZ 1001ae49 f i libvcruntime:undname.obj
 0001:00019f70       ?getExtendedDataIndirectType@UnDecorator@@CA?AVDName@@AAPBDAA_NH@Z 1001af70 f   libvcruntime:undname.obj
 0001:0001a183       ?getExternalDataType@UnDecorator@@CA?AVDName@@ABV2@@Z 1001b183 f i libvcruntime:undname.obj
 0001:0001a21a       ?getFunctionIndirectType@UnDecorator@@CA?AVDName@@ABV2@@Z 1001b21a f   libvcruntime:undname.obj
 0001:0001a725       ?getGuardNumber@UnDecorator@@CA?AVDName@@XZ 1001b725 f i libvcruntime:undname.obj
 0001:0001a73e       ?getLastChar@DName@@QBEDXZ 1001b73e f i libvcruntime:undname.obj
 0001:0001a764       ?getLastChar@DNameStatusNode@@UBEDXZ 1001b764 f i libvcruntime:undname.obj
 0001:0001a773       ?getLastChar@charNode@@UBEDXZ 1001b773 f i libvcruntime:undname.obj
 0001:0001a777       ?getLastChar@pDNameNode@@UBEDXZ 1001b777 f i libvcruntime:undname.obj
 0001:0001a788       ?getLastChar@pairNode@@UBEDXZ 1001b788 f i libvcruntime:undname.obj
 0001:0001a7c7       ?getLastChar@pcharNode@@UBEDXZ 1001b7c7 f i libvcruntime:undname.obj
 0001:0001a7dd       ?getLexicalFrame@UnDecorator@@CA?AVDName@@XZ 1001b7dd f i libvcruntime:undname.obj
 0001:0001a829       ?getMemory@_HeapManager@@QAEPAXIH@Z 1001b829 f   libvcruntime:undname.obj
 0001:0001a8da       ?getNumberOfDimensions@UnDecorator@@CAHXZ 1001b8da f   libvcruntime:undname.obj
 0001:0001a953       ?getOperatorName@UnDecorator@@CA?AVDName@@_NPA_N@Z 1001b953 f i libvcruntime:undname.obj
 0001:0001b103       ?getPointerType@UnDecorator@@CA?AVDName@@ABV2@0@Z 1001c103 f i libvcruntime:undname.obj
 0001:0001b128       ?getPointerTypeArray@UnDecorator@@CA?AVDName@@ABV2@0@Z 1001c128 f i libvcruntime:undname.obj
 0001:0001b14d       ?getPrimaryDataType@UnDecorator@@CA?AVDName@@ABV2@@Z 1001c14d f   libvcruntime:undname.obj
 0001:0001b3be       ?getPtrRefDataType@UnDecorator@@CA?AVDName@@ABV2@H@Z 1001c3be f   libvcruntime:undname.obj
 0001:0001b500       ?getPtrRefType@UnDecorator@@CA?AVDName@@ABV2@0PBD@Z 1001c500 f   libvcruntime:undname.obj
 0001:0001b63b       ?getReferenceType@UnDecorator@@CA?AVDName@@ABV2@0PBD@Z 1001c63b f i libvcruntime:undname.obj
 0001:0001b65e       ?getRestrictionSpec@UnDecorator@@CA?AVDName@@XZ 1001c65e f   libvcruntime:undname.obj
 0001:0001b78c       ?getReturnType@UnDecorator@@CA?AVDName@@PAV2@@Z 1001c78c f   libvcruntime:undname.obj
 0001:0001b7c6       ?getScope@UnDecorator@@CA?AVDName@@XZ 1001c7c6 f   libvcruntime:undname.obj
 0001:0001bc9b       ?getScopedName@UnDecorator@@CA?AVDName@@XZ 1001cc9b f   libvcruntime:undname.obj
 0001:0001bdd4       ?getSignedDimension@UnDecorator@@CA?AVDName@@XZ 1001cdd4 f   libvcruntime:undname.obj
 0001:0001be3b       ?getStorageConvention@UnDecorator@@CA?AVDName@@XZ 1001ce3b f i libvcruntime:undname.obj
 0001:0001be50       ?getString@DName@@QBEPADPAD0@Z 1001ce50 f i libvcruntime:undname.obj
 0001:0001be87       ?getString@DName@@QBEPADPADH@Z 1001ce87 f i libvcruntime:undname.obj
 0001:0001bef2       ?getString@DNameStatusNode@@UBEPADPAD0@Z 1001cef2 f i libvcruntime:undname.obj
 0001:0001bf22       ?getString@charNode@@UBEPADPAD0@Z 1001cf22 f i libvcruntime:undname.obj
 0001:0001bf3c       ?getString@pDNameNode@@UBEPADPAD0@Z 1001cf3c f i libvcruntime:undname.obj
 0001:0001bf58       ?getString@pairNode@@UBEPADPAD0@Z 1001cf58 f i libvcruntime:undname.obj
 0001:0001bfad       ?getString@pcharNode@@UBEPADPAD0@Z 1001cfad f i libvcruntime:undname.obj
 0001:0001bfce       ?getStringEncoding@UnDecorator@@CA?AVDName@@PADH@Z 1001cfce f   libvcruntime:undname.obj
 0001:0001c099       ?getStringHelper@@YAPADPAD00H@Z 1001d099 f i libvcruntime:undname.obj
 0001:0001c0dd       ?getSymbolName@UnDecorator@@CA?AVDName@@XZ 1001d0dd f i libvcruntime:undname.obj
 0001:0001c137       ?getTemplateArgumentList@UnDecorator@@CA?AVDName@@XZ 1001d137 f   libvcruntime:undname.obj
 0001:0001c484       ?getTemplateConstant@UnDecorator@@CA?AVDName@@XZ 1001d484 f   libvcruntime:undname.obj
 0001:0001c899       ?getTemplateName@UnDecorator@@CA?AVDName@@_N@Z 1001d899 f   libvcruntime:undname.obj
 0001:0001ca44       ?getThisType@UnDecorator@@CA?AVDName@@XZ 1001da44 f i libvcruntime:undname.obj
 0001:0001ca8c       ?getThrowTypes@UnDecorator@@CA?AVDName@@XZ 1001da8c f   libvcruntime:undname.obj
 0001:0001cb38       ?getTypeEncoding@UnDecorator@@CAHXZ 1001db38 f i libvcruntime:undname.obj
 0001:0001cf34       ?getVCallThunkType@UnDecorator@@CA?AVDName@@XZ 1001df34 f i libvcruntime:undname.obj
 0001:0001cf7d       ?getVbTableType@UnDecorator@@CA?AVDName@@ABV2@@Z 1001df7d f i libvcruntime:undname.obj
 0001:0001cf97       ?getVdispMapType@UnDecorator@@CA?AVDName@@ABV2@@Z 1001df97 f i libvcruntime:undname.obj
 0001:0001d002       ?getVfTableType@UnDecorator@@CA?AVDName@@ABV2@@Z 1001e002 f i libvcruntime:undname.obj
 0001:0001d1c0       ?getZName@UnDecorator@@CA?AVDName@@_N0@Z 1001e1c0 f   libvcruntime:undname.obj
 0001:0001d490       ?haveTemplateParameters@UnDecorator@@SAHXZ 1001e490 f i libvcruntime:undname.obj
 0001:0001d49d       ?isArray@DName@@QBEHXZ     1001e49d f i libvcruntime:undname.obj
 0001:0001d4a9       ?isComArray@DName@@QBEHXZ  1001e4a9 f i libvcruntime:undname.obj
 0001:0001d4b5       ?isEmpty@DName@@QBEHXZ     1001e4b5 f i libvcruntime:undname.obj
 0001:0001d4bf       ?isFull@Replicator@@QBEHXZ 1001e4bf f i libvcruntime:undname.obj
 0001:0001d4ca       ?isNoTE@DName@@QBEHXZ      1001e4ca f i libvcruntime:undname.obj
 0001:0001d4d6       ?isPinPtr@DName@@QBEHXZ    1001e4d6 f i libvcruntime:undname.obj
 0001:0001d4e2       ?isPtrRef@DName@@QBEHXZ    1001e4e2 f i libvcruntime:undname.obj
 0001:0001d4ee       ?isUDC@DName@@QBEHXZ       1001e4ee f i libvcruntime:undname.obj
 0001:0001d503       ?isUDTThunk@DName@@QBEHXZ  1001e503 f i libvcruntime:undname.obj
 0001:0001d518       ?isVCallThunk@DName@@QBEHXZ 1001e518 f i libvcruntime:undname.obj
 0001:0001d524       ?isValid@DName@@QBEHXZ     1001e524 f i libvcruntime:undname.obj
 0001:0001d530       ?length@DName@@QBEHXZ      1001e530 f i libvcruntime:undname.obj
 0001:0001d555       ?length@DNameStatusNode@@UBEHXZ 1001e555 f i libvcruntime:undname.obj
 0001:0001d559       ?length@charNode@@UBEHXZ   1001e559 f i libvcruntime:undname.obj
 0001:0001d55d       ?length@pDNameNode@@UBEHXZ 1001e55d f i libvcruntime:undname.obj
 0001:0001d56e       ?length@pairNode@@UBEHXZ   1001e56e f i libvcruntime:undname.obj
 0001:0001d5ca       ?length@pcharNode@@UBEHXZ  1001e5ca f i libvcruntime:undname.obj
 0001:0001d5ce       ?make@DNameStatusNode@@SAPAV1@W4DNameStatus@@@Z 1001e5ce f i libvcruntime:undname.obj
 0001:0001d675       ?setIsArray@DName@@QAEXXZ  1001e675 f i libvcruntime:undname.obj
 0001:0001d67f       ?setIsComArray@DName@@QAEXXZ 1001e67f f i libvcruntime:undname.obj
 0001:0001d689       ?setIsNoTE@DName@@QAEXXZ   1001e689 f i libvcruntime:undname.obj
 0001:0001d693       ?setIsPinPtr@DName@@QAEXXZ 1001e693 f i libvcruntime:undname.obj
 0001:0001d69d       ?setIsUDC@DName@@QAEXXZ    1001e69d f i libvcruntime:undname.obj
 0001:0001d6ad       ?setIsVCallThunk@DName@@QAEXXZ 1001e6ad f i libvcruntime:undname.obj
 0001:0001d6b7       ?setPtrRef@DName@@QAEAAV1@XZ 1001e6b7 f i libvcruntime:undname.obj
 0001:0001d6c3       ?status@DName@@QBE?AW4DNameStatus@@XZ 1001e6c3 f i libvcruntime:undname.obj
 0001:0001d748       ___unDName                 1001e748 f   libvcruntime:undname.obj
 0001:0001d802       ___unDNameEx               1001e802 f   libvcruntime:undname.obj
 0001:0001d8bc       __vsprintf_s_l             1001e8bc f i libvcruntime:undname.obj
 0001:0001d8f4       _sprintf_s                 1001e8f4 f i libvcruntime:undname.obj
 0001:0001d920       __global_unwind2           1001e920 f   libvcruntime:_exsup_.obj
 0001:0001d985       __local_unwind2            1001e985 f   libvcruntime:_exsup_.obj
 0001:0001da09       __abnormal_termination     1001ea09 f   libvcruntime:_exsup_.obj
 0001:0001da2c       __NLG_Notify1              1001ea2c f   libvcruntime:_exsup_.obj
 0001:0001da35       __NLG_Notify               1001ea35 f   libvcruntime:_exsup_.obj
 0001:0001da4c       __NLG_Dispatch             1001ea4c     libvcruntime:_exsup_.obj
 0001:0001da4c       __NLG_Dispatch2            1001ea4c     libvcruntime:_exsup_.obj
 0001:0001da54       __NLG_Call                 1001ea54 f   libvcruntime:_exsup_.obj
 0001:0001da56       __NLG_Return2              1001ea56     libvcruntime:_exsup_.obj
 0001:0001daa4       ??$__crt_fast_decode_pointer@P6AXXZ@@YAP6AXXZQ6AXXZ@Z 1001eaa4 f i libvcruntime:purevirt.obj
 0001:0001dabd       ??$__crt_interlocked_compare_exchange_pointer@$$A6AXXZ$$T$$T@@YAP6AXXZPDS6AXXZ$$T1@Z 1001eabd f i libvcruntime:purevirt.obj
 0001:0001dad3       ??$__crt_interlocked_exchange_pointer@$$A6AXXZP6AXXZ@@YAP6AXXZPDS6AXXZQ6AXXZ@Z 1001ead3 f i libvcruntime:purevirt.obj
 0001:0001dae3       ??$__crt_interlocked_read_pointer@$$A6AXXZ@@YAP6AXXZPDS6AXXZ@Z 1001eae3 f i libvcruntime:purevirt.obj
 0001:0001daf7       __get_purecall_handler     1001eaf7 f   libvcruntime:purevirt.obj
 0001:0001db1d       __purecall                 1001eb1d f   libvcruntime:purevirt.obj
 0001:0001db3e       __set_purecall_handler     1001eb3e f   libvcruntime:purevirt.obj
 0001:0001db6c       _malloc                    1001eb6c f   libucrt:malloc.obj
 0001:0001db79       _calloc                    1001eb79 f   libucrt:calloc.obj
 0001:0001db86       _free                      1001eb86 f   libucrt:free.obj
 0001:0001db8b       _realloc                   1001eb8b f   libucrt:realloc.obj
 0001:0001db98       ??$?B$$A6GXPAXK0@Z@__crt_fast_encoded_nullptr_t@@QBEP6GXPAXK0@ZXZ 1001eb98 f i libucrt:exit.obj
 0001:0001dbb6       ??$__crt_fast_decode_pointer@P6GXPAXK0@Z@@YAP6GXPAXK0@ZQ6GX0K0@Z@Z 1001ebb6 f i libucrt:exit.obj
 0001:0001dbd1       ??$__crt_fast_encode_pointer@P6GXPAXK0@Z@@YAP6GXPAXK0@ZQ6GX0K0@Z@Z 1001ebd1 f i libucrt:exit.obj
 0001:0001dbf7       ??$__crt_get_proc_address@P6GXI@Z@@YAP6GXI@ZQAUHINSTANCE__@@QBD@Z 1001ebf7 f i libucrt:exit.obj
 0001:0001dc0e       ??$__crt_interlocked_read@J@@YAJPDJ@Z 1001ec0e f i libucrt:exit.obj
 0001:0001dc1d       ??0?$__crt_unique_handle_t@U__crt_hmodule_traits@@@@QAE@QAUHINSTANCE__@@@Z 1001ec1d f i libucrt:exit.obj
 0001:0001dc31       ??1?$__crt_unique_handle_t@U__crt_hmodule_traits@@@@QAE@XZ 1001ec31 f i libucrt:exit.obj
 0001:0001dc4d       ?__crt_interlocked_read_32@@YAHPDH@Z 1001ec4d f i libucrt:exit.obj
 0001:0001dc73       ?close@?$__crt_unique_handle_t@U__crt_hmodule_traits@@@@QAEXXZ 1001ec73 f i libucrt:exit.obj
 0001:0001dc8f       ?close@__crt_hmodule_traits@@SA_NPAUHINSTANCE__@@@Z 1001ec8f f i libucrt:exit.obj
 0001:0001de5a       ?get@?$__crt_unique_handle_t@U__crt_hmodule_traits@@@@QBEPAUHINSTANCE__@@XZ 1001ee5a f i libucrt:exit.obj
 0001:0001de5d       ?get_address_of@?$__crt_unique_handle_t@U__crt_hmodule_traits@@@@QAEPAPAUHINSTANCE__@@XZ 1001ee5d f i libucrt:exit.obj
 0001:0001de60       ?get_invalid_value@__crt_hmodule_traits@@SAPAUHINSTANCE__@@XZ 1001ee60 f i libucrt:exit.obj
 0001:0001df5d       __Exit                     1001ef5d f   libucrt:exit.obj
 0001:0001df78       ___acrt_initialize_thread_local_exit_callback 1001ef78 f   libucrt:exit.obj
 0001:0001df8a       __c_exit                   1001ef8a f   libucrt:exit.obj
 0001:0001df9c       __cexit                    1001ef9c f   libucrt:exit.obj
 0001:0001dfae       __exit                     1001efae f   libucrt:exit.obj
 0001:0001dfc9       __is_c_termination_complete 1001efc9 f   libucrt:exit.obj
 0001:0001dfcf       __register_thread_local_exe_atexit_callback 1001efcf f   libucrt:exit.obj
 0001:0001e015       _exit                      1001f015 f   libucrt:exit.obj
 0001:0001e030       _quick_exit                1001f030 f   libucrt:exit.obj
 0001:0001e050       _strncat                   1001f050 f   libucrt:strncat.obj
 0001:0001e1e0       _strncpy                   1001f1e0 f   libucrt:strncpy.obj
 0001:0001e34d       ??$?RPAU__crt_stdio_stream_data@@@__crt_internal_free_policy@@QBEXQBQAU__crt_stdio_stream_data@@@Z 1001f34d f i libucrt:_file.obj
 0001:0001e363       ??0?$__crt_unique_heap_ptr@PAU__crt_stdio_stream_data@@U__crt_internal_free_policy@@@@QAE@QAPAU__crt_stdio_stream_data@@@Z 1001f363 f i libucrt:_file.obj
 0001:0001e377       ??0__crt_stdio_stream@@QAE@QAU_iobuf@@@Z 1001f377 f i libucrt:_file.obj
 0001:0001e38b       ??1?$__crt_unique_heap_ptr@PAU__crt_stdio_stream_data@@U__crt_internal_free_policy@@@@QAE@XZ 1001f38b f i libucrt:_file.obj
 0001:0001e3a1       ??C__crt_stdio_stream@@QBEPAU__crt_stdio_stream_data@@XZ 1001f3a1 f i libucrt:_file.obj
 0001:0001e3a4       ?detach@?$__crt_unique_heap_ptr@PAU__crt_stdio_stream_data@@U__crt_internal_free_policy@@@@QAEPAPAU__crt_stdio_stream_data@@XZ 1001f3a4 f i libucrt:_file.obj
 0001:0001e3aa       ?release@?$__crt_unique_heap_ptr@PAU__crt_stdio_stream_data@@U__crt_internal_free_policy@@@@QAEXXZ 1001f3aa f i libucrt:_file.obj
 0001:0001e3c0       ___acrt_initialize_stdio   1001f3c0 f   libucrt:_file.obj
 0001:0001e4ba       ___acrt_iob_func           1001f4ba f   libucrt:_file.obj
 0001:0001e4ce       ___acrt_uninitialize_stdio 1001f4ce f   libucrt:_file.obj
 0001:0001e52d       __get_stream_buffer_pointers 1001f52d f   libucrt:_file.obj
 0001:0001e584       __lock_file                1001f584 f   libucrt:_file.obj
 0001:0001e59d       __unlock_file              1001f59d f   libucrt:_file.obj
 0001:0001e5b6       ?get_flags@__crt_stdio_stream@@QBEJXZ 1001f5b6 f i libucrt:fclose.obj
 0001:0001e5bc       ?is_in_use@__crt_stdio_stream@@QBE_NXZ 1001f5bc f i libucrt:fclose.obj
 0001:0001e5cb       ?is_string_backed@__crt_stdio_stream@@QBE_NXZ 1001f5cb f i libucrt:fclose.obj
 0001:0001e5da       ?public_stream@__crt_stdio_stream@@QBEPAU_iobuf@@XZ 1001f5da f i libucrt:fclose.obj
 0001:0001e5dd       ?valid@__crt_stdio_stream@@QBE_NXZ 1001f5dd f i libucrt:fclose.obj
 0001:0001e5e7       __fclose_nolock            1001f5e7 f   libucrt:fclose.obj
 0001:0001e67a       _fclose                    1001f67a f   libucrt:fclose.obj
 0001:0001e9ac       ??$open_file@ABQBDABQBDABHPAU_iobuf@@@?$__crt_char_traits@D@@SAPAU_iobuf@@ABQBD0ABH$$QAPAU1@@Z 1001f9ac f i libucrt:fopen.obj
 0001:0001e9d7       ??$open_file@ABQB_WABQB_WABHPAU_iobuf@@@?$__crt_char_traits@_W@@SAPAU_iobuf@@ABQB_W0ABH$$QAPAU1@@Z 1001f9d7 f i libucrt:fopen.obj
 0001:0001ea02       ?unlock@__crt_stdio_stream@@QBEXXZ 1001fa02 f i libucrt:fopen.obj
 0001:0001ea0d       __fsopen                   1001fa0d f   libucrt:fopen.obj
 0001:0001ea1a       __wfopen                   1001fa1a f   libucrt:fopen.obj
 0001:0001ea36       __wfopen_s                 1001fa36 f   libucrt:fopen.obj
 0001:0001ea8e       __wfsopen                  1001fa8e f   libucrt:fopen.obj
 0001:0001ea9b       _fopen                     1001fa9b f   libucrt:fopen.obj
 0001:0001eab7       _fopen_s                   1001fab7 f   libucrt:fopen.obj
 0001:0001eb0f       ?has_any_buffer@__crt_stdio_stream@@QBE_NXZ 1001fb0f f i libucrt:fread.obj
 0001:0001eb24       ?has_any_of@__crt_stdio_stream@@QBE_NJ@Z 1001fb24 f i libucrt:fread.obj
 0001:0001eb40       ?set_flags@__crt_stdio_stream@@QBE_NJ@Z 1001fb40 f i libucrt:fread.obj
 0001:0001eb70       __fread_nolock             1001fb70 f   libucrt:fread.obj
 0001:0001eb94       __fread_nolock_s           1001fb94 f   libucrt:fread.obj
 0001:0001edd3       _fread                     1001fdd3 f   libucrt:fread.obj
 0001:0001edf7       _fread_s                   1001fdf7 f   libucrt:fread.obj
 0001:0001ef4f       ??$?RV<lambda_11b4f7b0d3157825a5656a18eba1ae27>@@AAV<lambda_b51c0495177f500e782686251704ae76>@@V<lambda_cf89b47920b5017557bfe891e78aca36>@@@?$__crt_seh_guarded_call@I@@QAEI$$QAV<lambda_11b4f7b0d3157825a5656a18eba1ae27>@@AAV<lambda_b51c0495177f500e782686251704ae76>@@$$QAV<lambda_cf89b47920b5017557bfe891e78aca36>@@@Z 1001ff4f f i libucrt:fwrite.obj
 0001:0001efb4       ??$__acrt_lock_stream_and_call@V<lambda_b51c0495177f500e782686251704ae76>@@@@YAIQAU_iobuf@@$$QAV<lambda_b51c0495177f500e782686251704ae76>@@@Z 1001ffb4 f i libucrt:fwrite.obj
 0001:0001f03c       ??0__acrt_stdio_temporary_buffering_guard@@QAE@QAU_iobuf@@@Z 1002003c f i libucrt:fwrite.obj
 0001:0001f061       ??1__acrt_stdio_temporary_buffering_guard@@QAE@XZ 10020061 f i libucrt:fwrite.obj
 0001:0001f0e0       ?has_big_buffer@__crt_stdio_stream@@QBE_NXZ 100200e0 f i libucrt:fwrite.obj
 0001:0001f0f1       __fwrite_nolock            100200f1 f   libucrt:fwrite.obj
 0001:0001f2c8       _fwrite                    100202c8 f   libucrt:fwrite.obj
 0001:0001f336       ??$?R_W@__crt_internal_free_policy@@QBEXQB_W@Z 10020336 f i libucrt:unlink.obj
 0001:0001f34c       ??0?$__crt_unique_heap_ptr@_WU__crt_internal_free_policy@@@@QAE@QA_W@Z 1002034c f i libucrt:unlink.obj
 0001:0001f360       ??1?$__crt_unique_heap_ptr@_WU__crt_internal_free_policy@@@@QAE@XZ 10020360 f i libucrt:unlink.obj
 0001:0001f376       ?get@?$__crt_unique_heap_ptr@_WU__crt_internal_free_policy@@@@QBEPA_WXZ 10020376 f i libucrt:unlink.obj
 0001:0001f379       ?get_address_of@?$__crt_unique_heap_ptr@_WU__crt_internal_free_policy@@@@QAEPAPA_WXZ 10020379 f i libucrt:unlink.obj
 0001:0001f37c       ?release@?$__crt_unique_heap_ptr@_WU__crt_internal_free_policy@@@@QAEXXZ 1002037c f i libucrt:unlink.obj
 0001:0001f392       __unlink                   10020392 f   libucrt:unlink.obj
 0001:0001f39f       _remove                    1002039f f   libucrt:unlink.obj
 0001:0001f3ff       ?__acrt_stdio_reset_buffer@@YAXV__crt_stdio_stream@@@Z 100203ff f i libucrt:rewind.obj
 0001:0001f41a       ?has_all_of@__crt_stdio_stream@@QBE_NJ@Z 1002041a f i libucrt:rewind.obj
 0001:0001f439       ?unset_flags@__crt_stdio_stream@@QBE_NJ@Z 10020439 f i libucrt:rewind.obj
 0001:0001f46d       _rewind                    1002046d f   libucrt:rewind.obj
 0001:0001f56e       ??$?0ABV?$stream_output_adapter@D@__crt_stdio_output@@AB_KABQBDABQAU__crt_locale_pointers@@ABQAD@?$format_validation_base@DV?$stream_output_adapter@D@__crt_stdio_output@@@__crt_stdio_output@@IAE@ABV?$stream_output_adapter@D@1@AB_KABQBDABQAU__crt_locale_pointers@@ABQAD@Z 1002056e f i libucrt:output.obj
 0001:0001f599       ??$?0ABV?$stream_output_adapter@D@__crt_stdio_output@@AB_KABQBDABQAU__crt_locale_pointers@@ABQAD@?$positional_parameter_base@DV?$stream_output_adapter@D@__crt_stdio_output@@@__crt_stdio_output@@IAE@ABV?$stream_output_adapter@D@1@AB_KABQBDABQAU__crt_locale_pointers@@ABQAD@Z 10020599 f i libucrt:output.obj
 0001:0001f5f3       ??$?0ABV?$stream_output_adapter@D@__crt_stdio_output@@AB_KABQBDABQAU__crt_locale_pointers@@ABQAD@?$standard_base@DV?$stream_output_adapter@D@__crt_stdio_output@@@__crt_stdio_output@@IAE@ABV?$stream_output_adapter@D@1@AB_KABQBDABQAU__crt_locale_pointers@@ABQAD@Z 100205f3 f i libucrt:output.obj
 0001:0001f635       ??$?0ABV?$stream_output_adapter@_W@__crt_stdio_output@@AB_KABQB_WABQAU__crt_locale_pointers@@ABQAD@?$format_validation_base@_WV?$stream_output_adapter@_W@__crt_stdio_output@@@__crt_stdio_output@@IAE@ABV?$stream_output_adapter@_W@1@AB_KABQB_WABQAU__crt_locale_pointers@@ABQAD@Z 10020635 f i libucrt:output.obj
 0001:0001f660       ??$?0ABV?$stream_output_adapter@_W@__crt_stdio_output@@AB_KABQB_WABQAU__crt_locale_pointers@@ABQAD@?$positional_parameter_base@_WV?$stream_output_adapter@_W@__crt_stdio_output@@@__crt_stdio_output@@IAE@ABV?$stream_output_adapter@_W@1@AB_KABQB_WABQAU__crt_locale_pointers@@ABQAD@Z 10020660 f i libucrt:output.obj
 0001:0001f6ba       ??$?0ABV?$stream_output_adapter@_W@__crt_stdio_output@@AB_KABQB_WABQAU__crt_locale_pointers@@ABQAD@?$standard_base@_WV?$stream_output_adapter@_W@__crt_stdio_output@@@__crt_stdio_output@@IAE@ABV?$stream_output_adapter@_W@1@AB_KABQB_WABQAU__crt_locale_pointers@@ABQAD@Z 100206ba f i libucrt:output.obj
 0001:0001f6fc       ??$?0ABV?$string_output_adapter@D@__crt_stdio_output@@AB_KABQBDABQAU__crt_locale_pointers@@ABQAD@?$format_validation_base@DV?$string_output_adapter@D@__crt_stdio_output@@@__crt_stdio_output@@IAE@ABV?$string_output_adapter@D@1@AB_KABQBDABQAU__crt_locale_pointers@@ABQAD@Z 100206fc f i libucrt:output.obj
 0001:0001f727       ??$?0ABV?$string_output_adapter@D@__crt_stdio_output@@AB_KABQBDABQAU__crt_locale_pointers@@ABQAD@?$positional_parameter_base@DV?$string_output_adapter@D@__crt_stdio_output@@@__crt_stdio_output@@IAE@ABV?$string_output_adapter@D@1@AB_KABQBDABQAU__crt_locale_pointers@@ABQAD@Z 10020727 f i libucrt:output.obj
 0001:0001f781       ??$?0ABV?$string_output_adapter@D@__crt_stdio_output@@AB_KABQBDABQAU__crt_locale_pointers@@ABQAD@?$standard_base@DV?$string_output_adapter@D@__crt_stdio_output@@@__crt_stdio_output@@IAE@ABV?$string_output_adapter@D@1@AB_KABQBDABQAU__crt_locale_pointers@@ABQAD@Z 10020781 f i libucrt:output.obj
 0001:0001f7c3       ??$?0ABV?$string_output_adapter@_W@__crt_stdio_output@@AB_KABQB_WABQAU__crt_locale_pointers@@ABQAD@?$format_validation_base@_WV?$string_output_adapter@_W@__crt_stdio_output@@@__crt_stdio_output@@IAE@ABV?$string_output_adapter@_W@1@AB_KABQB_WABQAU__crt_locale_pointers@@ABQAD@Z 100207c3 f i libucrt:output.obj
 0001:0001f7ee       ??$?0ABV?$string_output_adapter@_W@__crt_stdio_output@@AB_KABQB_WABQAU__crt_locale_pointers@@ABQAD@?$positional_parameter_base@_WV?$string_output_adapter@_W@__crt_stdio_output@@@__crt_stdio_output@@IAE@ABV?$string_output_adapter@_W@1@AB_KABQB_WABQAU__crt_locale_pointers@@ABQAD@Z 100207ee f i libucrt:output.obj
 0001:0001f848       ??$?0ABV?$string_output_adapter@_W@__crt_stdio_output@@AB_KABQB_WABQAU__crt_locale_pointers@@ABQAD@?$standard_base@_WV?$string_output_adapter@_W@__crt_stdio_output@@@__crt_stdio_output@@IAE@ABV?$string_output_adapter@_W@1@AB_KABQB_WABQAU__crt_locale_pointers@@ABQAD@Z 10020848 f i libucrt:output.obj
 0001:0001f88a       ??$?RV<lambda_2293f24e3ce1ad6fe22ccfb9dec07671>@@AAV<lambda_2565fc715a641e539f44ad02d6823606>@@V<lambda_d3217f279b832965d9ca670dc2993570>@@@?$__crt_seh_guarded_call@H@@QAEH$$QAV<lambda_2293f24e3ce1ad6fe22ccfb9dec07671>@@AAV<lambda_2565fc715a641e539f44ad02d6823606>@@$$QAV<lambda_d3217f279b832965d9ca670dc2993570>@@@Z 1002088a f i libucrt:output.obj
 0001:0001f8ef       ??$?RV<lambda_4d4ac866be0fa3c441830420fabdd2cb>@@AAV<lambda_63a10c2dc8dbb9e4dd1890be52af7c93>@@V<lambda_002af9fa0f8fe472b648c51882d4fc32>@@@?$__crt_seh_guarded_call@H@@QAEH$$QAV<lambda_4d4ac866be0fa3c441830420fabdd2cb>@@AAV<lambda_63a10c2dc8dbb9e4dd1890be52af7c93>@@$$QAV<lambda_002af9fa0f8fe472b648c51882d4fc32>@@@Z 100208ef f i libucrt:output.obj
 0001:0001f954       ??$?RV<lambda_5be909dfbae0a631386585770cd7b676>@@AAV<lambda_e516058a9c289d98c8ca9fea99247804>@@V<lambda_afe2e0cdc5e0ecf6f0d6f5e2f8985e38>@@@?$__crt_seh_guarded_call@H@@QAEH$$QAV<lambda_5be909dfbae0a631386585770cd7b676>@@AAV<lambda_e516058a9c289d98c8ca9fea99247804>@@$$QAV<lambda_afe2e0cdc5e0ecf6f0d6f5e2f8985e38>@@@Z 10020954 f i libucrt:output.obj
 0001:0001f9b9       ??$?RV<lambda_823d65812123d985753d53e2a8c25d20>@@AAV<lambda_0a97c9e57da7be065955385c79108ff2>@@V<lambda_4d2973f3ad2d226f00468307185dca1b>@@@?$__crt_seh_guarded_call@H@@QAEH$$QAV<lambda_823d65812123d985753d53e2a8c25d20>@@AAV<lambda_0a97c9e57da7be065955385c79108ff2>@@$$QAV<lambda_4d2973f3ad2d226f00468307185dca1b>@@@Z 100209b9 f i libucrt:output.obj
 0001:0001fa1e       ??$?RV<lambda_ab9923ffb5d694ec0d78876dd103e44f>@@AAV<lambda_481dd5778c961fbcd3b60b650e9b9dc4>@@V<lambda_7923d86c9e3f319b415918ec4b39749c>@@@?$__crt_seh_guarded_call@H@@QAEH$$QAV<lambda_ab9923ffb5d694ec0d78876dd103e44f>@@AAV<lambda_481dd5778c961fbcd3b60b650e9b9dc4>@@$$QAV<lambda_7923d86c9e3f319b415918ec4b39749c>@@@Z 10020a1e f i libucrt:output.obj
 0001:0001fa83       ??$?RV<lambda_db08b09ef7aa9d4f8620ce68402612bc>@@AAV<lambda_4f2c1eaeead2a5fc776db5b62ea0fb9b>@@V<lambda_3ae262bc35d4ba6a3825c4f6bcaaf95c>@@@?$__crt_seh_guarded_call@H@@QAEH$$QAV<lambda_db08b09ef7aa9d4f8620ce68402612bc>@@AAV<lambda_4f2c1eaeead2a5fc776db5b62ea0fb9b>@@$$QAV<lambda_3ae262bc35d4ba6a3825c4f6bcaaf95c>@@@Z 10020a83 f i libucrt:output.obj
 0001:0001fae8       ??$__acrt_lock_stream_and_call@V<lambda_0a97c9e57da7be065955385c79108ff2>@@@@YAHQAU_iobuf@@$$QAV<lambda_0a97c9e57da7be065955385c79108ff2>@@@Z 10020ae8 f i libucrt:output.obj
 0001:0001fb1a       ??$__acrt_lock_stream_and_call@V<lambda_2565fc715a641e539f44ad02d6823606>@@@@YAHQAU_iobuf@@$$QAV<lambda_2565fc715a641e539f44ad02d6823606>@@@Z 10020b1a f i libucrt:output.obj
 0001:0001fb4c       ??$__acrt_lock_stream_and_call@V<lambda_481dd5778c961fbcd3b60b650e9b9dc4>@@@@YAHQAU_iobuf@@$$QAV<lambda_481dd5778c961fbcd3b60b650e9b9dc4>@@@Z 10020b4c f i libucrt:output.obj
 0001:0001fb7e       ??$__acrt_lock_stream_and_call@V<lambda_4f2c1eaeead2a5fc776db5b62ea0fb9b>@@@@YAHQAU_iobuf@@$$QAV<lambda_4f2c1eaeead2a5fc776db5b62ea0fb9b>@@@Z 10020b7e f i libucrt:output.obj
 0001:0001fbb0       ??$__acrt_lock_stream_and_call@V<lambda_63a10c2dc8dbb9e4dd1890be52af7c93>@@@@YAHQAU_iobuf@@$$QAV<lambda_63a10c2dc8dbb9e4dd1890be52af7c93>@@@Z 10020bb0 f i libucrt:output.obj
 0001:0001fbe2       ??$__acrt_lock_stream_and_call@V<lambda_e516058a9c289d98c8ca9fea99247804>@@@@YAHQAU_iobuf@@$$QAV<lambda_e516058a9c289d98c8ca9fea99247804>@@@Z 10020be2 f i libucrt:output.obj
 0001:00020e50       ??$count@D@formatting_buffer@__crt_stdio_output@@QBEIXZ 10021e50 f i libucrt:output.obj
 0001:00020e6e       ??$data@D@formatting_buffer@__crt_stdio_output@@QAEPADXZ 10021e6e f i libucrt:output.obj
 0001:00020e7e       ??$data@_W@formatting_buffer@__crt_stdio_output@@QAEPA_WXZ 10021e7e f i libucrt:output.obj
 0001:00020e8e       ??$ensure_buffer_is_big_enough@D@formatting_buffer@__crt_stdio_output@@QAE_NI@Z 10021e8e f i libucrt:output.obj
 0001:00020f35       ??$extract_argument_from_va_list@C_J@?$positional_parameter_base@DV?$stream_output_adapter@D@__crt_stdio_output@@@__crt_stdio_output@@IAE_NAA_J@Z 10021f35 f i libucrt:output.obj
 0001:00020fd3       ??$extract_argument_from_va_list@C_J@?$positional_parameter_base@DV?$string_output_adapter@D@__crt_stdio_output@@@__crt_stdio_output@@IAE_NAA_J@Z 10021fd3 f i libucrt:output.obj
 0001:00021071       ??$extract_argument_from_va_list@C_J@?$positional_parameter_base@_WV?$stream_output_adapter@_W@__crt_stdio_output@@@__crt_stdio_output@@IAE_NAA_J@Z 10022071 f i libucrt:output.obj
 0001:0002110f       ??$extract_argument_from_va_list@C_J@?$positional_parameter_base@_WV?$string_output_adapter@_W@__crt_stdio_output@@@__crt_stdio_output@@IAE_NAA_J@Z 1002210f f i libucrt:output.obj
 0001:000211ad       ??$extract_argument_from_va_list@C_J@?$standard_base@DV?$stream_output_adapter@D@__crt_stdio_output@@@__crt_stdio_output@@IAE_NAA_J@Z 100221ad f i libucrt:output.obj
 0001:000211d3       ??$extract_argument_from_va_list@C_J@?$standard_base@DV?$string_output_adapter@D@__crt_stdio_output@@@__crt_stdio_output@@IAE_NAA_J@Z 100221d3 f i libucrt:output.obj
 0001:000211f9       ??$extract_argument_from_va_list@C_J@?$standard_base@_WV?$stream_output_adapter@_W@__crt_stdio_output@@@__crt_stdio_output@@IAE_NAA_J@Z 100221f9 f i libucrt:output.obj
 0001:0002121f       ??$extract_argument_from_va_list@C_J@?$standard_base@_WV?$string_output_adapter@_W@__crt_stdio_output@@@__crt_stdio_output@@IAE_NAA_J@Z 1002221f f i libucrt:output.obj
 0001:00021245       ??$extract_argument_from_va_list@E_J@?$positional_parameter_base@DV?$stream_output_adapter@D@__crt_stdio_output@@@__crt_stdio_output@@IAE_NAA_J@Z 10022245 f i libucrt:output.obj
 0001:000212e3       ??$extract_argument_from_va_list@E_J@?$positional_parameter_base@DV?$string_output_adapter@D@__crt_stdio_output@@@__crt_stdio_output@@IAE_NAA_J@Z 100222e3 f i libucrt:output.obj
 0001:00021381       ??$extract_argument_from_va_list@E_J@?$positional_parameter_base@_WV?$stream_output_adapter@_W@__crt_stdio_output@@@__crt_stdio_output@@IAE_NAA_J@Z 10022381 f i libucrt:output.obj
 0001:0002141f       ??$extract_argument_from_va_list@E_J@?$positional_parameter_base@_WV?$string_output_adapter@_W@__crt_stdio_output@@@__crt_stdio_output@@IAE_NAA_J@Z 1002241f f i libucrt:output.obj
 0001:000214bd       ??$extract_argument_from_va_list@E_J@?$standard_base@DV?$stream_output_adapter@D@__crt_stdio_output@@@__crt_stdio_output@@IAE_NAA_J@Z 100224bd f i libucrt:output.obj
 0001:000214e3       ??$extract_argument_from_va_list@E_J@?$standard_base@DV?$string_output_adapter@D@__crt_stdio_output@@@__crt_stdio_output@@IAE_NAA_J@Z 100224e3 f i libucrt:output.obj
 0001:00021509       ??$extract_argument_from_va_list@E_J@?$standard_base@_WV?$stream_output_adapter@_W@__crt_stdio_output@@@__crt_stdio_output@@IAE_NAA_J@Z 10022509 f i libucrt:output.obj
 0001:0002152f       ??$extract_argument_from_va_list@E_J@?$standard_base@_WV?$string_output_adapter@_W@__crt_stdio_output@@@__crt_stdio_output@@IAE_NAA_J@Z 1002252f f i libucrt:output.obj
 0001:00021555       ??$extract_argument_from_va_list@F_J@?$positional_parameter_base@DV?$stream_output_adapter@D@__crt_stdio_output@@@__crt_stdio_output@@IAE_NAA_J@Z 10022555 f i libucrt:output.obj
 0001:000215f3       ??$extract_argument_from_va_list@F_J@?$positional_parameter_base@DV?$string_output_adapter@D@__crt_stdio_output@@@__crt_stdio_output@@IAE_NAA_J@Z 100225f3 f i libucrt:output.obj
 0001:00021691       ??$extract_argument_from_va_list@F_J@?$positional_parameter_base@_WV?$stream_output_adapter@_W@__crt_stdio_output@@@__crt_stdio_output@@IAE_NAA_J@Z 10022691 f i libucrt:output.obj
 0001:0002172f       ??$extract_argument_from_va_list@F_J@?$positional_parameter_base@_WV?$string_output_adapter@_W@__crt_stdio_output@@@__crt_stdio_output@@IAE_NAA_J@Z 1002272f f i libucrt:output.obj
 0001:000217cd       ??$extract_argument_from_va_list@F_J@?$standard_base@DV?$stream_output_adapter@D@__crt_stdio_output@@@__crt_stdio_output@@IAE_NAA_J@Z 100227cd f i libucrt:output.obj
 0001:000217f3       ??$extract_argument_from_va_list@F_J@?$standard_base@DV?$string_output_adapter@D@__crt_stdio_output@@@__crt_stdio_output@@IAE_NAA_J@Z 100227f3 f i libucrt:output.obj
 0001:00021819       ??$extract_argument_from_va_list@F_J@?$standard_base@_WV?$stream_output_adapter@_W@__crt_stdio_output@@@__crt_stdio_output@@IAE_NAA_J@Z 10022819 f i libucrt:output.obj
 0001:0002183f       ??$extract_argument_from_va_list@F_J@?$standard_base@_WV?$string_output_adapter@_W@__crt_stdio_output@@@__crt_stdio_output@@IAE_NAA_J@Z 1002283f f i libucrt:output.obj
 0001:00021865       ??$extract_argument_from_va_list@GD@?$positional_parameter_base@DV?$stream_output_adapter@D@__crt_stdio_output@@@__crt_stdio_output@@IAE_NAAD@Z 10022865 f i libucrt:output.obj
 0001:00021902       ??$extract_argument_from_va_list@GD@?$positional_parameter_base@DV?$string_output_adapter@D@__crt_stdio_output@@@__crt_stdio_output@@IAE_NAAD@Z 10022902 f i libucrt:output.obj
 0001:0002199f       ??$extract_argument_from_va_list@GD@?$standard_base@DV?$stream_output_adapter@D@__crt_stdio_output@@@__crt_stdio_output@@IAE_NAAD@Z 1002299f f i libucrt:output.obj
 0001:000219bf       ??$extract_argument_from_va_list@GD@?$standard_base@DV?$string_output_adapter@D@__crt_stdio_output@@@__crt_stdio_output@@IAE_NAAD@Z 100229bf f i libucrt:output.obj
 0001:000219df       ??$extract_argument_from_va_list@G_J@?$positional_parameter_base@DV?$stream_output_adapter@D@__crt_stdio_output@@@__crt_stdio_output@@IAE_NAA_J@Z 100229df f i libucrt:output.obj
 0001:00021a7d       ??$extract_argument_from_va_list@G_J@?$positional_parameter_base@DV?$string_output_adapter@D@__crt_stdio_output@@@__crt_stdio_output@@IAE_NAA_J@Z 10022a7d f i libucrt:output.obj
 0001:00021b1b       ??$extract_argument_from_va_list@G_J@?$positional_parameter_base@_WV?$stream_output_adapter@_W@__crt_stdio_output@@@__crt_stdio_output@@IAE_NAA_J@Z 10022b1b f i libucrt:output.obj
 0001:00021bb9       ??$extract_argument_from_va_list@G_J@?$positional_parameter_base@_WV?$string_output_adapter@_W@__crt_stdio_output@@@__crt_stdio_output@@IAE_NAA_J@Z 10022bb9 f i libucrt:output.obj
 0001:00021c57       ??$extract_argument_from_va_list@G_J@?$standard_base@DV?$stream_output_adapter@D@__crt_stdio_output@@@__crt_stdio_output@@IAE_NAA_J@Z 10022c57 f i libucrt:output.obj
 0001:00021c7d       ??$extract_argument_from_va_list@G_J@?$standard_base@DV?$string_output_adapter@D@__crt_stdio_output@@@__crt_stdio_output@@IAE_NAA_J@Z 10022c7d f i libucrt:output.obj
 0001:00021ca3       ??$extract_argument_from_va_list@G_J@?$standard_base@_WV?$stream_output_adapter@_W@__crt_stdio_output@@@__crt_stdio_output@@IAE_NAA_J@Z 10022ca3 f i libucrt:output.obj
 0001:00021cc9       ??$extract_argument_from_va_list@G_J@?$standard_base@_WV?$string_output_adapter@_W@__crt_stdio_output@@@__crt_stdio_output@@IAE_NAA_J@Z 10022cc9 f i libucrt:output.obj
 0001:00021cef       ??$extract_argument_from_va_list@H_J@?$positional_parameter_base@DV?$stream_output_adapter@D@__crt_stdio_output@@@__crt_stdio_output@@IAE_NAA_J@Z 10022cef f i libucrt:output.obj
 0001:00021d8b       ??$extract_argument_from_va_list@H_J@?$positional_parameter_base@DV?$string_output_adapter@D@__crt_stdio_output@@@__crt_stdio_output@@IAE_NAA_J@Z 10022d8b f i libucrt:output.obj
 0001:00021e27       ??$extract_argument_from_va_list@H_J@?$positional_parameter_base@_WV?$stream_output_adapter@_W@__crt_stdio_output@@@__crt_stdio_output@@IAE_NAA_J@Z 10022e27 f i libucrt:output.obj
 0001:00021ec3       ??$extract_argument_from_va_list@H_J@?$positional_parameter_base@_WV?$string_output_adapter@_W@__crt_stdio_output@@@__crt_stdio_output@@IAE_NAA_J@Z 10022ec3 f i libucrt:output.obj
 0001:00021f5f       ??$extract_argument_from_va_list@H_J@?$standard_base@DV?$stream_output_adapter@D@__crt_stdio_output@@@__crt_stdio_output@@IAE_NAA_J@Z 10022f5f f i libucrt:output.obj
 0001:00021f84       ??$extract_argument_from_va_list@H_J@?$standard_base@DV?$string_output_adapter@D@__crt_stdio_output@@@__crt_stdio_output@@IAE_NAA_J@Z 10022f84 f i libucrt:output.obj
 0001:00021fa9       ??$extract_argument_from_va_list@H_J@?$standard_base@_WV?$stream_output_adapter@_W@__crt_stdio_output@@@__crt_stdio_output@@IAE_NAA_J@Z 10022fa9 f i libucrt:output.obj
 0001:00021fce       ??$extract_argument_from_va_list@H_J@?$standard_base@_WV?$string_output_adapter@_W@__crt_stdio_output@@@__crt_stdio_output@@IAE_NAA_J@Z 10022fce f i libucrt:output.obj
 0001:00021ff3       ??$extract_argument_from_va_list@I_J@?$positional_parameter_base@DV?$stream_output_adapter@D@__crt_stdio_output@@@__crt_stdio_output@@IAE_NAA_J@Z 10022ff3 f i libucrt:output.obj
 0001:0002209a       ??$extract_argument_from_va_list@I_J@?$positional_parameter_base@DV?$string_output_adapter@D@__crt_stdio_output@@@__crt_stdio_output@@IAE_NAA_J@Z 1002309a f i libucrt:output.obj
 0001:00022141       ??$extract_argument_from_va_list@I_J@?$positional_parameter_base@_WV?$stream_output_adapter@_W@__crt_stdio_output@@@__crt_stdio_output@@IAE_NAA_J@Z 10023141 f i libucrt:output.obj
 0001:000221e8       ??$extract_argument_from_va_list@I_J@?$positional_parameter_base@_WV?$string_output_adapter@_W@__crt_stdio_output@@@__crt_stdio_output@@IAE_NAA_J@Z 100231e8 f i libucrt:output.obj
 0001:0002228f       ??$extract_argument_from_va_list@I_J@?$standard_base@DV?$stream_output_adapter@D@__crt_stdio_output@@@__crt_stdio_output@@IAE_NAA_J@Z 1002328f f i libucrt:output.obj
 0001:000222b4       ??$extract_argument_from_va_list@I_J@?$standard_base@DV?$string_output_adapter@D@__crt_stdio_output@@@__crt_stdio_output@@IAE_NAA_J@Z 100232b4 f i libucrt:output.obj
 0001:000222d9       ??$extract_argument_from_va_list@I_J@?$standard_base@_WV?$stream_output_adapter@_W@__crt_stdio_output@@@__crt_stdio_output@@IAE_NAA_J@Z 100232d9 f i libucrt:output.obj
 0001:000222fe       ??$extract_argument_from_va_list@I_J@?$standard_base@_WV?$string_output_adapter@_W@__crt_stdio_output@@@__crt_stdio_output@@IAE_NAA_J@Z 100232fe f i libucrt:output.obj
 0001:00022323       ??$extract_argument_from_va_list@PADPAD@?$positional_parameter_base@DV?$stream_output_adapter@D@__crt_stdio_output@@@__crt_stdio_output@@IAE_NAAPAD@Z 10023323 f i libucrt:output.obj
 0001:000223c0       ??$extract_argument_from_va_list@PADPAD@?$positional_parameter_base@DV?$string_output_adapter@D@__crt_stdio_output@@@__crt_stdio_output@@IAE_NAAPAD@Z 100233c0 f i libucrt:output.obj
 0001:0002245d       ??$extract_argument_from_va_list@PADPAD@?$positional_parameter_base@_WV?$stream_output_adapter@_W@__crt_stdio_output@@@__crt_stdio_output@@IAE_NAAPAD@Z 1002345d f i libucrt:output.obj
 0001:000224fa       ??$extract_argument_from_va_list@PADPAD@?$positional_parameter_base@_WV?$string_output_adapter@_W@__crt_stdio_output@@@__crt_stdio_output@@IAE_NAAPAD@Z 100234fa f i libucrt:output.obj
 0001:00022597       ??$extract_argument_from_va_list@PADPAD@?$standard_base@DV?$stream_output_adapter@D@__crt_stdio_output@@@__crt_stdio_output@@IAE_NAAPAD@Z 10023597 f i libucrt:output.obj
 0001:000225b7       ??$extract_argument_from_va_list@PADPAD@?$standard_base@DV?$string_output_adapter@D@__crt_stdio_output@@@__crt_stdio_output@@IAE_NAAPAD@Z 100235b7 f i libucrt:output.obj
 0001:000225d7       ??$extract_argument_from_va_list@PADPAD@?$standard_base@_WV?$stream_output_adapter@_W@__crt_stdio_output@@@__crt_stdio_output@@IAE_NAAPAD@Z 100235d7 f i libucrt:output.obj
 0001:000225f7       ??$extract_argument_from_va_list@PADPAD@?$standard_base@_WV?$string_output_adapter@_W@__crt_stdio_output@@@__crt_stdio_output@@IAE_NAAPAD@Z 100235f7 f i libucrt:output.obj
 0001:00022617       ??$extract_argument_from_va_list@PAUansi_string@?1??type_case_Z@?$output_processor@DV?$stream_output_adapter@D@__crt_stdio_output@@V?$format_validation_base@DV?$stream_output_adapter@D@__crt_stdio_output@@@2@@__crt_stdio_output@@AAE_NXZ@PAU1?1??234@AAE_NXZ@@?$standard_base@DV?$stream_output_adapter@D@__crt_stdio_output@@@__crt_stdio_output@@IAE_NAAPAUansi_string@?1??type_case_Z@?$output_processor@DV?$stream_output_adapter@D@__crt_stdio_output@@V?$format_validation_base@DV?$stream_output_adapter@D@__crt_stdio_output@@@2@@1@AAE_NXZ@@Z 10023617 f i libucrt:output.obj
 0001:00022637       ??$extract_argument_from_va_list@PAUansi_string@?1??type_case_Z@?$output_processor@DV?$stream_output_adapter@D@__crt_stdio_output@@V?$positional_parameter_base@DV?$stream_output_adapter@D@__crt_stdio_output@@@2@@__crt_stdio_output@@AAE_NXZ@PAU1?1??234@AAE_NXZ@@?$positional_parameter_base@DV?$stream_output_adapter@D@__crt_stdio_output@@@__crt_stdio_output@@IAE_NAAPAUansi_string@?1??type_case_Z@?$output_processor@DV?$stream_output_adapter@D@__crt_stdio_output@@V?$positional_parameter_base@DV?$stream_output_adapter@D@__crt_stdio_output@@@2@@1@AAE_NXZ@@Z 10023637 f i libucrt:output.obj
 0001:000226d4       ??$extract_argument_from_va_list@PAUansi_string@?1??type_case_Z@?$output_processor@DV?$stream_output_adapter@D@__crt_stdio_output@@V?$positional_parameter_base@DV?$stream_output_adapter@D@__crt_stdio_output@@@2@@__crt_stdio_output@@AAE_NXZ@PAU1?1??234@AAE_NXZ@@?$standard_base@DV?$stream_output_adapter@D@__crt_stdio_output@@@__crt_stdio_output@@IAE_NAAPAUansi_string@?1??type_case_Z@?$output_processor@DV?$stream_output_adapter@D@__crt_stdio_output@@V?$positional_parameter_base@DV?$stream_output_adapter@D@__crt_stdio_output@@@2@@1@AAE_NXZ@@Z 100236d4 f i libucrt:output.obj
 0001:000226f4       ??$extract_argument_from_va_list@PAUansi_string@?1??type_case_Z@?$output_processor@DV?$stream_output_adapter@D@__crt_stdio_output@@V?$standard_base@DV?$stream_output_adapter@D@__crt_stdio_output@@@2@@__crt_stdio_output@@AAE_NXZ@PAU1?1??234@AAE_NXZ@@?$standard_base@DV?$stream_output_adapter@D@__crt_stdio_output@@@__crt_stdio_output@@IAE_NAAPAUansi_string@?1??type_case_Z@?$output_processor@DV?$stream_output_adapter@D@__crt_stdio_output@@V?$standard_base@DV?$stream_output_adapter@D@__crt_stdio_output@@@2@@1@AAE_NXZ@@Z 100236f4 f i libucrt:output.obj
 0001:00022714       ??$extract_argument_from_va_list@PAUansi_string@?1??type_case_Z@?$output_processor@DV?$string_output_adapter@D@__crt_stdio_output@@V?$format_validation_base@DV?$string_output_adapter@D@__crt_stdio_output@@@2@@__crt_stdio_output@@AAE_NXZ@PAU1?1??234@AAE_NXZ@@?$standard_base@DV?$string_output_adapter@D@__crt_stdio_output@@@__crt_stdio_output@@IAE_NAAPAUansi_string@?1??type_case_Z@?$output_processor@DV?$string_output_adapter@D@__crt_stdio_output@@V?$format_validation_base@DV?$string_output_adapter@D@__crt_stdio_output@@@2@@1@AAE_NXZ@@Z 10023714 f i libucrt:output.obj
 0001:00022734       ??$extract_argument_from_va_list@PAUansi_string@?1??type_case_Z@?$output_processor@DV?$string_output_adapter@D@__crt_stdio_output@@V?$positional_parameter_base@DV?$string_output_adapter@D@__crt_stdio_output@@@2@@__crt_stdio_output@@AAE_NXZ@PAU1?1??234@AAE_NXZ@@?$positional_parameter_base@DV?$string_output_adapter@D@__crt_stdio_output@@@__crt_stdio_output@@IAE_NAAPAUansi_string@?1??type_case_Z@?$output_processor@DV?$string_output_adapter@D@__crt_stdio_output@@V?$positional_parameter_base@DV?$string_output_adapter@D@__crt_stdio_output@@@2@@1@AAE_NXZ@@Z 10023734 f i libucrt:output.obj
 0001:000227d1       ??$extract_argument_from_va_list@PAUansi_string@?1??type_case_Z@?$output_processor@DV?$string_output_adapter@D@__crt_stdio_output@@V?$positional_parameter_base@DV?$string_output_adapter@D@__crt_stdio_output@@@2@@__crt_stdio_output@@AAE_NXZ@PAU1?1??234@AAE_NXZ@@?$standard_base@DV?$string_output_adapter@D@__crt_stdio_output@@@__crt_stdio_output@@IAE_NAAPAUansi_string@?1??type_case_Z@?$output_processor@DV?$string_output_adapter@D@__crt_stdio_output@@V?$positional_parameter_base@DV?$string_output_adapter@D@__crt_stdio_output@@@2@@1@AAE_NXZ@@Z 100237d1 f i libucrt:output.obj
 0001:000227f1       ??$extract_argument_from_va_list@PAUansi_string@?1??type_case_Z@?$output_processor@DV?$string_output_adapter@D@__crt_stdio_output@@V?$standard_base@DV?$string_output_adapter@D@__crt_stdio_output@@@2@@__crt_stdio_output@@AAE_NXZ@PAU1?1??234@AAE_NXZ@@?$standard_base@DV?$string_output_adapter@D@__crt_stdio_output@@@__crt_stdio_output@@IAE_NAAPAUansi_string@?1??type_case_Z@?$output_processor@DV?$string_output_adapter@D@__crt_stdio_output@@V?$standard_base@DV?$string_output_adapter@D@__crt_stdio_output@@@2@@1@AAE_NXZ@@Z 100237f1 f i libucrt:output.obj
 0001:00022811       ??$extract_argument_from_va_list@PAUansi_string@?1??type_case_Z@?$output_processor@_WV?$stream_output_adapter@_W@__crt_stdio_output@@V?$format_validation_base@_WV?$stream_output_adapter@_W@__crt_stdio_output@@@2@@__crt_stdio_output@@AAE_NXZ@PAU1?1??234@AAE_NXZ@@?$standard_base@_WV?$stream_output_adapter@_W@__crt_stdio_output@@@__crt_stdio_output@@IAE_NAAPAUansi_string@?1??type_case_Z@?$output_processor@_WV?$stream_output_adapter@_W@__crt_stdio_output@@V?$format_validation_base@_WV?$stream_output_adapter@_W@__crt_stdio_output@@@2@@1@AAE_NXZ@@Z 10023811 f i libucrt:output.obj
 0001:00022831       ??$extract_argument_from_va_list@PAUansi_string@?1??type_case_Z@?$output_processor@_WV?$stream_output_adapter@_W@__crt_stdio_output@@V?$positional_parameter_base@_WV?$stream_output_adapter@_W@__crt_stdio_output@@@2@@__crt_stdio_output@@AAE_NXZ@PAU1?1??234@AAE_NXZ@@?$positional_parameter_base@_WV?$stream_output_adapter@_W@__crt_stdio_output@@@__crt_stdio_output@@IAE_NAAPAUansi_string@?1??type_case_Z@?$output_processor@_WV?$stream_output_adapter@_W@__crt_stdio_output@@V?$positional_parameter_base@_WV?$stream_output_adapter@_W@__crt_stdio_output@@@2@@1@AAE_NXZ@@Z 10023831 f i libucrt:output.obj
 0001:000228ce       ??$extract_argument_from_va_list@PAUansi_string@?1??type_case_Z@?$output_processor@_WV?$stream_output_adapter@_W@__crt_stdio_output@@V?$positional_parameter_base@_WV?$stream_output_adapter@_W@__crt_stdio_output@@@2@@__crt_stdio_output@@AAE_NXZ@PAU1?1??234@AAE_NXZ@@?$standard_base@_WV?$stream_output_adapter@_W@__crt_stdio_output@@@__crt_stdio_output@@IAE_NAAPAUansi_string@?1??type_case_Z@?$output_processor@_WV?$stream_output_adapter@_W@__crt_stdio_output@@V?$positional_parameter_base@_WV?$stream_output_adapter@_W@__crt_stdio_output@@@2@@1@AAE_NXZ@@Z 100238ce f i libucrt:output.obj
 0001:000228ee       ??$extract_argument_from_va_list@PAUansi_string@?1??type_case_Z@?$output_processor@_WV?$stream_output_adapter@_W@__crt_stdio_output@@V?$standard_base@_WV?$stream_output_adapter@_W@__crt_stdio_output@@@2@@__crt_stdio_output@@AAE_NXZ@PAU1?1??234@AAE_NXZ@@?$standard_base@_WV?$stream_output_adapter@_W@__crt_stdio_output@@@__crt_stdio_output@@IAE_NAAPAUansi_string@?1??type_case_Z@?$output_processor@_WV?$stream_output_adapter@_W@__crt_stdio_output@@V?$standard_base@_WV?$stream_output_adapter@_W@__crt_stdio_output@@@2@@1@AAE_NXZ@@Z 100238ee f i libucrt:output.obj
 0001:0002290e       ??$extract_argument_from_va_list@PAUansi_string@?1??type_case_Z@?$output_processor@_WV?$string_output_adapter@_W@__crt_stdio_output@@V?$format_validation_base@_WV?$string_output_adapter@_W@__crt_stdio_output@@@2@@__crt_stdio_output@@AAE_NXZ@PAU1?1??234@AAE_NXZ@@?$standard_base@_WV?$string_output_adapter@_W@__crt_stdio_output@@@__crt_stdio_output@@IAE_NAAPAUansi_string@?1??type_case_Z@?$output_processor@_WV?$string_output_adapter@_W@__crt_stdio_output@@V?$format_validation_base@_WV?$string_output_adapter@_W@__crt_stdio_output@@@2@@1@AAE_NXZ@@Z 1002390e f i libucrt:output.obj
[...]
 0003:00008020       _CANAC2_2_send_mb2         1007a020     <common>
 0003:00008340       _CANAC2_1_receive_mb2      1007a340     <common>
 0003:00008660       _CANAC2_1_send_mb2         1007a660     <common>
 0003:00008980       _CANAC2_2_receiveindex_mb1 1007a980     <common>
 0003:00008ca0       _CANAC2_2_receivemaxindex_mb1 1007aca0     <common>
 0003:00008cc0       _CANAC2_2_sendindex_mb1    1007acc0     <common>
 0003:00008fe0       _CANAC2_2_sendmaxindex_mb1 1007afe0     <common>
 0003:00009000       _CANAC2_1_receiveindex_mb1 1007b000     <common>
 0003:00009320       _CANAC2_1_receivemaxindex_mb1 1007b320     <common>
 0003:00009340       _CANAC2_1_sendindex_mb1    1007b340     <common>
 0003:00009660       _CANAC2_1_sendmaxindex_mb1 1007b660     <common>
 0003:00009680       _CANAC2_2_receive_mb1      1007b680     <common>
 0003:000099a0       _CANAC2_2_send_mb1         1007b9a0     <common>
 0003:00009cc0       _CANAC2_1_receive_mb1      1007bcc0     <common>
 0003:00009fe0       _CANAC2_1_send_mb1         1007bfe0     <common>
 0003:0000a300       _CANAC2_2_receiveindex     1007c300     <common>
 0003:0000a620       _CANAC2_2_receivemaxindex  1007c620     <common>
 0003:0000a640       _CANAC2_2_sendindex        1007c640     <common>
 0003:0000a960       _CANAC2_2_sendmaxindex     1007c960     <common>
 0003:0000a980       _CANAC2_1_receiveindex     1007c980     <common>
 0003:0000aca0       _CANAC2_1_receivemaxindex  1007cca0     <common>
 0003:0000acc0       _CANAC2_1_sendindex        1007ccc0     <common>
 0003:0000afe0       _CANAC2_1_sendmaxindex     1007cfe0     <common>
 0003:0000b000       _CANAC2_2_receive          1007d000     <common>
 0003:0000b320       _CANAC2_2_send             1007d320     <common>
 0003:0000b640       _CANAC2_1_receive          1007d640     <common>
 0003:0000b960       _CANAC2_1_send             1007d960     <common>
 0003:0000bc80       _siepowercan_can_object_buffer_port2 1007dc80     <common>
 0003:0000fca0       _siepowercan_can_object_buffer_port1 10081ca0     <common>
 0003:00013ca0       _rtNaNF                    10085ca0     <common>
 0003:00013cb4       _rtMinusInfF               10085cb4     <common>
 0003:00013cb8       _rtInfF                    10085cb8     <common>
 0003:00013cc0       _rtNaN                     10085cc0     <common>
 0003:00013cc8       _rtMinusInf                10085cc8     <common>
 0003:00013cd0       _rtInf                     10085cd0     <common>
 0003:00013ce0       _slrtTETViaXCP             10085ce0     <common>
 0003:00013d08       ?_OptionsStorage@?1??__local_stdio_printf_options@@9@9 10085d08     <common>
 0003:00013d1c       _driver_test_DW            10085d1c     <common>
 0003:00013eb8       _driver_test_B             10085eb8     <common>
 0003:00013ec0       _driver_test_M_            10085ec0     <common>
 0003:00014680       _UDPCloseSend              10086680     <common>
 0003:000146f4       _UDPOpenReceive            100866f4     <common>
 0003:000146f8       _UDPOpenSend               100866f8     <common>
 0003:000146fc       _ResetClientSocket         100866fc     <common>
 0003:00014700       _CloseClientSocket         10086700     <common>
 0003:00014704       _ConnectClientSocket       10086704     <common>
 0003:00014708       _BindClientSocket          10086708     <common>
 0003:0001470c       _CreateClientSocket        1008670c     <common>
 0003:00014710       _ResetServerSocket         10086710     <common>
 0003:00014714       _CloseServerSocket         10086714     <common>
 0003:00014718       _ConnectServerSocket       10086718     <common>
 0003:0001471c       _OpenServerListen          1008671c     <common>
 0003:00014720       _CreateServerSocket        10086720     <common>
 0003:00014724       _SocketReceive             10086724     <common>
 0003:00014728       _SocketSend                10086728     <common>
 0003:0001472c       _GetSocketState            1008672c     <common>
 0003:00014730       _GetSocket                 10086730     <common>
 0003:00014734       _socket                    10086734     <common>
 0003:00014738       _inet_addr                 10086738     <common>
 0003:0001473c       _sendto                    1008673c     <common>
 0003:00014740       _recvfrom                  10086740     <common>
 0003:00014744       _listen                    10086744     <common>
 0003:00014748       _ioctlsocket               10086748     <common>
 0003:0001474c       _connect                   1008674c     <common>
 0003:00014750       _closesocket               10086750     <common>
 0003:00014754       _setsockopt                10086754     <common>
 0003:00014758       _bind                      10086758     <common>
 0003:0001475c       _accept                    1008675c     <common>
 0003:00014760       _GetHostTarIPAdd           10086760     <common>
 0003:00014764       _GetDCUUsage               10086764     <common>
 0003:00014768       _DeleteRoute               10086768     <common>
 0003:0001476c       _AddGatewayRoute           1008676c     <common>
 0003:00014770       _SetIP                     10086770     <common>
 0003:00014774       _CloseInterface            10086774     <common>
 0003:00014778       _OpenInterface             10086778     <common>
 0003:0001477c       _SetIPTASKPriority         1008677c     <common>
 0003:00014780       _releaseNIC                10086780     <common>
 0003:00014784       _NICGetIface               10086784     <common>
 0003:00014788       _NICSetIface               10086788     <common>
 0003:0001478c       _registerNIC               1008678c     <common>
 0003:00014790       _slrtWarning               10086790     <common>
 0003:00014794       _slrtGetCPUTCelsius        10086794     <common>
 0003:00014798       _geterrorstring            10086798     <common>
 0003:0001479c       _getlasterror              1008679c     <common>
 0003:000147a0       _slrtGetProfilerState      100867a0     <common>
 0003:000147a4       _slrtStopProfiler          100867a4     <common>
 0003:000147a8       _slrtStartProfiler         100867a8     <common>
 0003:000147ac       _slrtLogEvent              100867ac     <common>
 0003:000147b0       _slrtGetDefaultDrive       100867b0     <common>
 0003:000147b4       _slrtfsFread               100867b4     <common>
 0003:000147b8       _slrtfsGetFileStatus       100867b8     <common>
 0003:000147bc       _slrtfsOpenFileAsync       100867bc     <common>
 0003:000147c0       _slrtfsCloseFileAsync      100867c0     <common>
 0003:000147c4       _slrtfsGetFileErrorMessage 100867c4     <common>
 0003:000147c8       _slrtfsGetFileError        100867c8     <common>
 0003:000147cc       _slrtfsWriteToFile         100867cc     <common>
 0003:000147d0       _slrtfsCloseFile           100867d0     <common>
 0003:000147d4       _slrtfsOpenFile            100867d4     <common>
 0003:000147d8       _slrtGetSgCRBSpace         100867d8     <common>
 0003:000147dc       _slrtGetCRBScratchSpace    100867dc     <common>
 0003:000147e0       _slrteSetupMSI             100867e0     <common>
 0003:000147e4       _slTestRegAssessment       100867e4     <common>
 0003:000147e8       _slTestTerminate           100867e8     <common>
 0003:000147ec       _slTestEvalOnFail          100867ec     <common>
 0003:000147f0       _slTestLogAssessments      100867f0     <common>
 0003:000147f4       _slTestInitialize          100867f4     <common>
 0003:000147f8       _unRegisterPTPTimeRead     100867f8     <common>
 0003:000147fc       _registerPTPTimeRead       100867fc     <common>
 0003:00014800       _slrteGetCurrentStepSize   10086800     <common>
 0003:00014804       _slrteSetStepSizeDelta     10086804     <common>
 0003:00014808       _xpceDAQUpdateTimeStamp    10086808     <common>
 0003:0001480c       _xpceDAQPostEvent          1008680c     <common>
 0003:00014810       _StreamVideo               10086810     <common>
 0003:00014814       _StopVideoDisplay          10086814     <common>
 0003:00014818       _StartVideoDisplay         10086818     <common>
 0003:0001481c       _DestroyVideoDisplay       1008681c     <common>
 0003:00014820       _CreateVideoDisplay        10086820     <common>
 0003:00014824       _ConvertUImage             10086824     <common>
 0003:00014828       _StopVideo                 10086828     <common>
 0003:0001482c       _ReadFrameBuffer           1008682c     <common>
 0003:00014830       _StartVideo                10086830     <common>
 0003:00014834       _GetVideoConfigs           10086834     <common>
 0003:00014838       _FindUsbVideoDevice        10086838     <common>
 0003:0001483c       _xpceDeleteSemaphore       1008683c     <common>
 0003:00014840       _xpceSignalSemaphore       10086840     <common>
 0003:00014844       _xpceWaitSemaphore         10086844     <common>
 0003:00014848       _xpceCreateSemaphore       10086848     <common>
 0003:0001484c       _xpceScopeAcqOK            1008684c     <common>
 0003:00014850       _rl32eRestartAcquisition   10086850     <common>
 0003:00014854       _rl32eSetTargetScopeSigFt  10086854     <common>
 0003:00014858       _rl32eSetTargetScope       10086858     <common>
 0003:0001485c       _xpceFSScopeSet            1008685c     <common>
 0003:00014860       _rl32eSetScope             10086860     <common>
 0003:00014864       _rl32eAddSignal            10086864     <common>
 0003:00014868       _rl32eGetSignalNo          10086868     <common>
 0003:0001486c       _rl32eDefScope             1008686c     <common>
 0003:00014870       _rl32eScopeExists          10086870     <common>
 0003:00014874       _TBGiveSpinFast            10086874     <common>
 0003:00014878       _TBTakeSpinFast            10086878     <common>
 0003:0001487c       _TBDeleteSpin              1008687c     <common>
 0003:00014880       _TBCreateSpin              10086880     <common>
 0003:00014884       _xpceGetParamDims          10086884     <common>
 0003:00014888       _xpceGetParameter          10086888     <common>
 0003:0001488c       _xpceSetParameter          1008688c     <common>
 0003:00014890       _xpceGetSignalValue        10086890     <common>
 0003:00014894       _xpceAssignPCIInterrupt    10086894     <common>
 0003:00014898       _rl32eGetPCIInfoAtSlot     10086898     <common>
 0003:0001489c       _rl32eGetPCIInfo           1008689c     <common>
 0003:000148a0       _rl32eShowPCIInfo          100868a0     <common>
 0003:000148a4       _rl32eShowPCIDev           100868a4     <common>
 0003:000148a8       _xpceGetTET                100868a8     <common>
 0003:000148ac       _xpceaddEvent              100868ac     <common>
 0003:000148b0       _xpceDeRegisterISR         100868b0     <common>
 0003:000148b4       _xpceRegisterISR           100868b4     <common>
 0003:000148b8       _xpcIsModelInit            100868b8     <common>
 0003:000148bc       _xpcGetElapsedTime         100868bc     <common>
 0003:000148c0       _xpcBusyWait               100868c0     <common>
 0003:000148c4       _xpcFreePhysicalMemory     100868c4     <common>
 0003:000148c8       _xpcAllocPhysicalMemory    100868c8     <common>
 0003:000148cc       _xpcReserveMemoryRegion    100868cc     <common>
 0003:000148d0       _xpcOutpB                  100868d0     <common>
 0003:000148d4       _xpcOutpW                  100868d4     <common>
 0003:000148d8       _xpcOutpDW                 100868d8     <common>
 0003:000148dc       _xpcInpB                   100868dc     <common>
 0003:000148e0       _xpcInpW                   100868e0     <common>
 0003:000148e4       _xpcInpDW                  100868e4     <common>
 0003:000148e8       _UDPCloseReceive           100868e8     <common>
 0003:000148ec       ___scrt_ucrt_dll_is_in_use 100868ec     <common>
 0003:000148f8       ___dyn_tls_init_callback   100868f8     <common>
 0003:00014904       __pDestructExceptionObject 10086904     <common>
 0003:00014910       __pmatherr                 10086910     <common>
 0003:0001491c       ___use_sse2_mathfcns       1008691c     <common>
 0004:00000000       __imp__GetModuleHandleA@4  10087000     kernel32:KERNEL32.dll
 0004:00000004       __imp__GetProcAddress@8    10087004     kernel32:KERNEL32.dll
 0004:00000008       __imp__UnhandledExceptionFilter@4 10087008     kernel32:KERNEL32.dll
 0004:0000000c       __imp__SetUnhandledExceptionFilter@4 1008700c     kernel32:KERNEL32.dll
 0004:00000010       __imp__GetCurrentProcess@0 10087010     kernel32:KERNEL32.dll
 0004:00000014       __imp__TerminateProcess@8  10087014     kernel32:KERNEL32.dll
 0004:00000018       __imp__IsProcessorFeaturePresent@4 10087018     kernel32:KERNEL32.dll
 0004:0000001c       __imp__QueryPerformanceCounter@4 1008701c     kernel32:KERNEL32.dll
 0004:00000020       __imp__GetCurrentProcessId@0 10087020     kernel32:KERNEL32.dll
 0004:00000024       __imp__GetCurrentThreadId@0 10087024     kernel32:KERNEL32.dll
 0004:00000028       __imp__GetSystemTimeAsFileTime@4 10087028     kernel32:KERNEL32.dll
 0004:0000002c       __imp__InitializeSListHead@4 1008702c     kernel32:KERNEL32.dll
 0004:00000030       __imp__IsDebuggerPresent@0 10087030     kernel32:KERNEL32.dll
 0004:00000034       __imp__GetStartupInfoW@4   10087034     kernel32:KERNEL32.dll
 0004:00000038       __imp__GetModuleHandleW@4  10087038     kernel32:KERNEL32.dll
 0004:0000003c       __imp__InterlockedPushEntrySList@8 1008703c     kernel32:KERNEL32.dll
 0004:00000040       __imp__InterlockedFlushSList@4 10087040     kernel32:KERNEL32.dll
 0004:00000044       __imp__RtlUnwind@16        10087044     kernel32:KERNEL32.dll
 0004:00000048       __imp__GetLastError@0      10087048     kernel32:KERNEL32.dll
 0004:0000004c       __imp__SetLastError@4      1008704c     kernel32:KERNEL32.dll
 0004:00000050       __imp__EnterCriticalSection@4 10087050     kernel32:KERNEL32.dll
 0004:00000054       __imp__LeaveCriticalSection@4 10087054     kernel32:KERNEL32.dll
 0004:00000058       __imp__DeleteCriticalSection@4 10087058     kernel32:KERNEL32.dll
 0004:0000005c       __imp__InitializeCriticalSectionAndSpinCount@8 1008705c     kernel32:KERNEL32.dll
 0004:00000060       __imp__TlsAlloc@0          10087060     kernel32:KERNEL32.dll
 0004:00000064       __imp__TlsGetValue@4       10087064     kernel32:KERNEL32.dll
 0004:00000068       __imp__TlsSetValue@8       10087068     kernel32:KERNEL32.dll
 0004:0000006c       __imp__TlsFree@4           1008706c     kernel32:KERNEL32.dll
 0004:00000070       __imp__FreeLibrary@4       10087070     kernel32:KERNEL32.dll
 0004:00000074       __imp__LoadLibraryExW@12   10087074     kernel32:KERNEL32.dll
 0004:00000078       __imp__ExitProcess@4       10087078     kernel32:KERNEL32.dll
 0004:0000007c       __imp__GetModuleHandleExW@12 1008707c     kernel32:KERNEL32.dll
 0004:00000080       __imp__GetStdHandle@4      10087080     kernel32:KERNEL32.dll
 0004:00000084       __imp__GetFileType@4       10087084     kernel32:KERNEL32.dll
 0004:00000088       __imp__GetModuleFileNameA@12 10087088     kernel32:KERNEL32.dll
 0004:0000008c       __imp__GetModuleFileNameW@12 1008708c     kernel32:KERNEL32.dll
 0004:00000090       __imp__WriteConsoleW@20    10087090     kernel32:KERNEL32.dll
 0004:00000094       __imp__RaiseException@16   10087094     kernel32:KERNEL32.dll
 0004:00000098       __imp__MultiByteToWideChar@24 10087098     kernel32:KERNEL32.dll
 0004:0000009c       __imp__WideCharToMultiByte@32 1008709c     kernel32:KERNEL32.dll
 0004:000000a0       __imp__HeapFree@12         100870a0     kernel32:KERNEL32.dll
 0004:000000a4       __imp__HeapAlloc@12        100870a4     kernel32:KERNEL32.dll
 0004:000000a8       __imp__HeapReAlloc@16      100870a8     kernel32:KERNEL32.dll
 0004:000000ac       __imp__GetDateFormatW@24   100870ac     kernel32:KERNEL32.dll
 0004:000000b0       __imp__GetTimeFormatW@24   100870b0     kernel32:KERNEL32.dll
 0004:000000b4       __imp__CompareStringW@24   100870b4     kernel32:KERNEL32.dll
 0004:000000b8       __imp__LCMapStringW@24     100870b8     kernel32:KERNEL32.dll
 0004:000000bc       __imp__GetLocaleInfoW@16   100870bc     kernel32:KERNEL32.dll
 0004:000000c0       __imp__IsValidLocale@8     100870c0     kernel32:KERNEL32.dll
 0004:000000c4       __imp__GetUserDefaultLCID@0 100870c4     kernel32:KERNEL32.dll
 0004:000000c8       __imp__EnumSystemLocalesW@8 100870c8     kernel32:KERNEL32.dll
 0004:000000cc       __imp__CloseHandle@4       100870cc     kernel32:KERNEL32.dll
 0004:000000d0       __imp__ReadFile@20         100870d0     kernel32:KERNEL32.dll
 0004:000000d4       __imp__GetConsoleMode@8    100870d4     kernel32:KERNEL32.dll
 0004:000000d8       __imp__ReadConsoleW@20     100870d8     kernel32:KERNEL32.dll
 0004:000000dc       __imp__WriteFile@20        100870dc     kernel32:KERNEL32.dll
 0004:000000e0       __imp__GetConsoleCP@0      100870e0     kernel32:KERNEL32.dll
 0004:000000e4       __imp__DeleteFileW@4       100870e4     kernel32:KERNEL32.dll
 0004:000000e8       __imp__SetFilePointerEx@20 100870e8     kernel32:KERNEL32.dll
 0004:000000ec       __imp__GetCurrentThread@0  100870ec     kernel32:KERNEL32.dll
 0004:000000f0       __imp__GetACP@0            100870f0     kernel32:KERNEL32.dll
 0004:000000f4       __imp__OutputDebugStringA@4 100870f4     kernel32:KERNEL32.dll
 0004:000000f8       __imp__OutputDebugStringW@4 100870f8     kernel32:KERNEL32.dll
 0004:000000fc       __imp__WaitForSingleObjectEx@12 100870fc     kernel32:KERNEL32.dll
 0004:00000100       __imp__CreateThread@24     10087100     kernel32:KERNEL32.dll
 0004:00000104       __imp__SetConsoleCtrlHandler@8 10087104     kernel32:KERNEL32.dll
 0004:00000108       __imp__FindClose@4         10087108     kernel32:KERNEL32.dll
 0004:0000010c       __imp__FindFirstFileExA@24 1008710c     kernel32:KERNEL32.dll
 0004:00000110       __imp__FindFirstFileExW@24 10087110     kernel32:KERNEL32.dll
 0004:00000114       __imp__FindNextFileA@8     10087114     kernel32:KERNEL32.dll
 0004:00000118       __imp__FindNextFileW@8     10087118     kernel32:KERNEL32.dll
 0004:0000011c       __imp__IsValidCodePage@4   1008711c     kernel32:KERNEL32.dll
 0004:00000120       __imp__GetOEMCP@0          10087120     kernel32:KERNEL32.dll
 0004:00000124       __imp__GetCPInfo@8         10087124     kernel32:KERNEL32.dll
 0004:00000128       __imp__GetCommandLineA@0   10087128     kernel32:KERNEL32.dll
 0004:0000012c       __imp__GetCommandLineW@0   1008712c     kernel32:KERNEL32.dll
 0004:00000130       __imp__GetEnvironmentStringsW@0 10087130     kernel32:KERNEL32.dll
 0004:00000134       __imp__FreeEnvironmentStringsW@4 10087134     kernel32:KERNEL32.dll
 0004:00000138       __imp__SetEnvironmentVariableA@8 10087138     kernel32:KERNEL32.dll
 0004:0000013c       __imp__SetEnvironmentVariableW@8 1008713c     kernel32:KERNEL32.dll
 0004:00000140       __imp__GetProcessHeap@0    10087140     kernel32:KERNEL32.dll
 0004:00000144       __imp__GetStringTypeW@16   10087144     kernel32:KERNEL32.dll
 0004:00000148       __imp__FlushFileBuffers@4  10087148     kernel32:KERNEL32.dll
 0004:0000014c       __imp__SetStdHandle@8      1008714c     kernel32:KERNEL32.dll
 0004:00000150       __imp__CreateFileW@28      10087150     kernel32:KERNEL32.dll
 0004:00000154       __imp__HeapSize@12         10087154     kernel32:KERNEL32.dll
 0004:00000158       __imp__SetEndOfFile@4      10087158     kernel32:KERNEL32.dll
 0004:0000015c       __imp__EncodePointer@4     1008715c     kernel32:KERNEL32.dll
 0004:00000160       __imp__DecodePointer@4     10087160     kernel32:KERNEL32.dll
 0004:00000164       \177KERNEL32_NULL_THUNK_DATA 10087164     kernel32:KERNEL32.dll
 0004:000001d4       __IMPORT_DESCRIPTOR_KERNEL32 100871d4     kernel32:KERNEL32.dll
 0004:000001e8       __NULL_IMPORT_DESCRIPTOR   100871e8     kernel32:KERNEL32.dll
 0006:00000000       ___guard_check_icall_fptr  10089000     LIBCMT:guard_support.obj
